[2026-09-20 23:35:25.947] [info] Config loaded from 'C:\Users\wy331\Documents\UE5DroneControl-p5-3\Saved\P5.3-protocol-1789918525893894700\backend.yaml': 0 ports, 6 drones max
[2026-09-20 23:35:25.947] [info] Config validation passed (0 ports, 6 max drones)
[2026-09-20 23:35:25.948] [info] [:] Logger initialized. Level=info, File=backend.log
[2026-09-20 23:35:25.948] [info] [:] ============================================
[2026-09-20 23:35:25.948] [info] [:]   Drone Backend v1.0.0
[2026-09-20 23:35:25.948] [info] [:]   HTTP :19780  WS :19781
[2026-09-20 23:35:25.948] [info] [:] ============================================
[2026-09-20 23:35:25.949] [info] [:] [UdpSender] JSON protocol session_id=backend-1789918525948296-b710aa77
[2026-09-20 23:35:25.949] [info] [:] DroneManager created
[2026-09-20 23:35:25.951] [info] [:] Drone 1 added: slot=1 name=Mock UAV 01
[2026-09-20 23:35:25.951] [info] [:] Drone 2 added: slot=2 name=Mock UAV 02
[2026-09-20 23:35:25.951] [info] [:] Drone 3 added: slot=3 name=Mock UAV 03
[2026-09-20 23:35:25.951] [info] [:] Drone 4 added: slot=4 name=Mock UAV 04
[2026-09-20 23:35:25.951] [info] [:] [Storage] Loaded 4 drones from data/drones.json
[2026-09-20 23:35:25.951] [info] [:] Backend started. Press Ctrl+C to stop.
[DebugCLI] Started. Type 'help' for commands.
[2026-09-20 23:35:25.953] [info] [:] [HTTP] Listening on 0.0.0.0:19780
[2026-09-20 23:35:25.953] [info] [:] [WS] Listening on 0.0.0.0:19781
[2026-09-20 23:35:27.005] [info] [:] [WS] session closed: The WebSocket stream was gracefully closed at both endpoints [boost.beast.websocket:1 at C:/Users/wy331/Documents/UE5DroneControl-p5-3/Backend/build-p53/vcpkg_installed/x64-windows/include\boost/beast/websocket/impl/stream.hpp:377:9 in function 'void __cdecl boost::beast::websocket::stream<class boost::asio::basic_stream_socket<class boost::asio::ip::tcp,class boost::asio::any_io_executor>,1>::do_fail(unsigned short,class boost::system::error_code,class boost::system::error_code &)']
[2026-09-20 23:35:49.443] [info] [:] [WS] session closed: The WebSocket stream was gracefully closed at both endpoints [boost.beast.websocket:1 at C:/Users/wy331/Documents/UE5DroneControl-p5-3/Backend/build-p53/vcpkg_installed/x64-windows/include\boost/beast/websocket/impl/stream.hpp:377:9 in function 'void __cdecl boost::beast::websocket::stream<class boost::asio::basic_stream_socket<class boost::asio::ip::tcp,class boost::asio::any_io_executor>,1>::do_fail(unsigned short,class boost::system::error_code,class boost::system::error_code &)']
[2026-09-20 23:35:49.444] [info] [:] [WS] session closed: The WebSocket stream was gracefully closed at both endpoints [boost.beast.websocket:1 at C:/Users/wy331/Documents/UE5DroneControl-p5-3/Backend/build-p53/vcpkg_installed/x64-windows/include\boost/beast/websocket/impl/stream.hpp:377:9 in function 'void __cdecl boost::beast::websocket::stream<class boost::asio::basic_stream_socket<class boost::asio::ip::tcp,class boost::asio::any_io_executor>,1>::do_fail(unsigned short,class boost::system::error_code,class boost::system::error_code &)']
[2026-09-20 23:35:49.444] [info] [:] [WS] session closed: The WebSocket stream was gracefully closed at both endpoints [boost.beast.websocket:1 at C:/Users/wy331/Documents/UE5DroneControl-p5-3/Backend/build-p53/vcpkg_installed/x64-windows/include\boost/beast/websocket/impl/stream.hpp:377:9 in function 'void __cdecl boost::beast::websocket::stream<class boost::asio::basic_stream_socket<class boost::asio::ip::tcp,class boost::asio::any_io_executor>,1>::do_fail(unsigned short,class boost::system::error_code,class boost::system::error_code &)']
[2026-09-20 23:35:49.881] [info] [:] [WS] session closed: The WebSocket stream was gracefully closed at both endpoints [boost.beast.websocket:1 at C:/Users/wy331/Documents/UE5DroneControl-p5-3/Backend/build-p53/vcpkg_installed/x64-windows/include\boost/beast/websocket/impl/stream.hpp:377:9 in function 'void __cdecl boost::beast::websocket::stream<class boost::asio::basic_stream_socket<class boost::asio::ip::tcp,class boost::asio::any_io_executor>,1>::do_fail(unsigned short,class boost::system::error_code,class boost::system::error_code &)']
[2026-09-20 23:35:50.116] [info] [:] [WS] session closed: The WebSocket stream was gracefully closed at both endpoints [boost.beast.websocket:1 at C:/Users/wy331/Documents/UE5DroneControl-p5-3/Backend/build-p53/vcpkg_installed/x64-windows/include\boost/beast/websocket/impl/stream.hpp:377:9 in function 'void __cdecl boost::beast::websocket::stream<class boost::asio::basic_stream_socket<class boost::asio::ip::tcp,class boost::asio::any_io_executor>,1>::do_fail(unsigned short,class boost::system::error_code,class boost::system::error_code &)']
[2026-09-20 23:35:50.351] [info] [:] [WS] session closed: The WebSocket stream was gracefully closed at both endpoints [boost.beast.websocket:1 at C:/Users/wy331/Documents/UE5DroneControl-p5-3/Backend/build-p53/vcpkg_installed/x64-windows/include\boost/beast/websocket/impl/stream.hpp:377:9 in function 'void __cdecl boost::beast::websocket::stream<class boost::asio::basic_stream_socket<class boost::asio::ip::tcp,class boost::asio::any_io_executor>,1>::do_fail(unsigned short,class boost::system::error_code,class boost::system::error_code &)']
[2026-09-20 23:36:03.337] [info] [:] [WS] session closed: The WebSocket stream was gracefully closed at both endpoints [boost.beast.websocket:1 at C:/Users/wy331/Documents/UE5DroneControl-p5-3/Backend/build-p53/vcpkg_installed/x64-windows/include\boost/beast/websocket/impl/stream.hpp:377:9 in function 'void __cdecl boost::beast::websocket::stream<class boost::asio::basic_stream_socket<class boost::asio::ip::tcp,class boost::asio::any_io_executor>,1>::do_fail(unsigned short,class boost::system::error_code,class boost::system::error_code &)']
[2026-09-20 23:36:03.337] [info] [:] [WS] session closed: The WebSocket stream was gracefully closed at both endpoints [boost.beast.websocket:1 at C:/Users/wy331/Documents/UE5DroneControl-p5-3/Backend/build-p53/vcpkg_installed/x64-windows/include\boost/beast/websocket/impl/stream.hpp:377:9 in function 'void __cdecl boost::beast::websocket::stream<class boost::asio::basic_stream_socket<class boost::asio::ip::tcp,class boost::asio::any_io_executor>,1>::do_fail(unsigned short,class boost::system::error_code,class boost::system::error_code &)']
[2026-09-20 23:36:03.337] [info] [:] [WS] session closed: The WebSocket stream was gracefully closed at both endpoints [boost.beast.websocket:1 at C:/Users/wy331/Documents/UE5DroneControl-p5-3/Backend/build-p53/vcpkg_installed/x64-windows/include\boost/beast/websocket/impl/stream.hpp:377:9 in function 'void __cdecl boost::beast::websocket::stream<class boost::asio::basic_stream_socket<class boost::asio::ip::tcp,class boost::asio::any_io_executor>,1>::do_fail(unsigned short,class boost::system::error_code,class boost::system::error_code &)']
[2026-09-20 23:36:03.337] [info] [:] [WS] session closed: The WebSocket stream was gracefully closed at both endpoints [boost.beast.websocket:1 at C:/Users/wy331/Documents/UE5DroneControl-p5-3/Backend/build-p53/vcpkg_installed/x64-windows/include\boost/beast/websocket/impl/stream.hpp:377:9 in function 'void __cdecl boost::beast::websocket::stream<class boost::asio::basic_stream_socket<class boost::asio::ip::tcp,class boost::asio::any_io_executor>,1>::do_fail(unsigned short,class boost::system::error_code,class boost::system::error_code &)']
[2026-09-20 23:36:03.946] [info] [:] [WS] session closed: The WebSocket stream was gracefully closed at both endpoints [boost.beast.websocket:1 at C:/Users/wy331/Documents/UE5DroneControl-p5-3/Backend/build-p53/vcpkg_installed/x64-windows/include\boost/beast/websocket/impl/stream.hpp:377:9 in function 'void __cdecl boost::beast::websocket::stream<class boost::asio::basic_stream_socket<class boost::asio::ip::tcp,class boost::asio::any_io_executor>,1>::do_fail(unsigned short,class boost::system::error_code,class boost::system::error_code &)']
[2026-09-20 23:36:03.946] [info] [:] [WS] session closed: The WebSocket stream was gracefully closed at both endpoints [boost.beast.websocket:1 at C:/Users/wy331/Documents/UE5DroneControl-p5-3/Backend/build-p53/vcpkg_installed/x64-windows/include\boost/beast/websocket/impl/stream.hpp:377:9 in function 'void __cdecl boost::beast::websocket::stream<class boost::asio::basic_stream_socket<class boost::asio::ip::tcp,class boost::asio::any_io_executor>,1>::do_fail(unsigned short,class boost::system::error_code,class boost::system::error_code &)']
[2026-09-20 23:36:03.946] [info] [:] [WS] session closed: The WebSocket stream was gracefully closed at both endpoints [boost.beast.websocket:1 at C:/Users/wy331/Documents/UE5DroneControl-p5-3/Backend/build-p53/vcpkg_installed/x64-windows/include\boost/beast/websocket/impl/stream.hpp:377:9 in function 'void __cdecl boost::beast::websocket::stream<class boost::asio::basic_stream_socket<class boost::asio::ip::tcp,class boost::asio::any_io_executor>,1>::do_fail(unsigned short,class boost::system::error_code,class boost::system::error_code &)']
[2026-09-20 23:36:03.946] [info] [:] [WS] session closed: The WebSocket stream was gracefully closed at both endpoints [boost.beast.websocket:1 at C:/Users/wy331/Documents/UE5DroneControl-p5-3/Backend/build-p53/vcpkg_installed/x64-windows/include\boost/beast/websocket/impl/stream.hpp:377:9 in function 'void __cdecl boost::beast::websocket::stream<class boost::asio::basic_stream_socket<class boost::asio::ip::tcp,class boost::asio::any_io_executor>,1>::do_fail(unsigned short,class boost::system::error_code,class boost::system::error_code &)']
[2026-09-20 23:36:14.266] [info] [:] [WS] session closed: The WebSocket stream was gracefully closed at both endpoints [boost.beast.websocket:1 at C:/Users/wy331/Documents/UE5DroneControl-p5-3/Backend/build-p53/vcpkg_installed/x64-windows/include\boost/beast/websocket/impl/stream.hpp:377:9 in function 'void __cdecl boost::beast::websocket::stream<class boost::asio::basic_stream_socket<class boost::asio::ip::tcp,class boost::asio::any_io_executor>,1>::do_fail(unsigned short,class boost::system::error_code,class boost::system::error_code &)']
[2026-09-20 23:36:14.266] [info] [:] [WS] session closed: The WebSocket stream was gracefully closed at both endpoints [boost.beast.websocket:1 at C:/Users/wy331/Documents/UE5DroneControl-p5-3/Backend/build-p53/vcpkg_installed/x64-windows/include\boost/beast/websocket/impl/stream.hpp:377:9 in function 'void __cdecl boost::beast::websocket::stream<class boost::asio::basic_stream_socket<class boost::asio::ip::tcp,class boost::asio::any_io_executor>,1>::do_fail(unsigned short,class boost::system::error_code,class boost::system::error_code &)']
[2026-09-20 23:36:14.266] [info] [:] [WS] session closed: The WebSocket stream was gracefully closed at both endpoints [boost.beast.websocket:1 at C:/Users/wy331/Documents/UE5DroneControl-p5-3/Backend/build-p53/vcpkg_installed/x64-windows/include\boost/beast/websocket/impl/stream.hpp:377:9 in function 'void __cdecl boost::beast::websocket::stream<class boost::asio::basic_stream_socket<class boost::asio::ip::tcp,class boost::asio::any_io_executor>,1>::do_fail(unsigned short,class boost::system::error_code,class boost::system::error_code &)']
[2026-09-20 23:36:14.266] [info] [:] [WS] session closed: The WebSocket stream was gracefully closed at both endpoints [boost.beast.websocket:1 at C:/Users/wy331/Documents/UE5DroneControl-p5-3/Backend/build-p53/vcpkg_installed/x64-windows/include\boost/beast/websocket/impl/stream.hpp:377:9 in function 'void __cdecl boost::beast::websocket::stream<class boost::asio::basic_stream_socket<class boost::asio::ip::tcp,class boost::asio::any_io_executor>,1>::do_fail(unsigned short,class boost::system::error_code,class boost::system::error_code &)']
[2026-09-20 23:36:15.275] [info] [:] [WS] session closed: The WebSocket stream was gracefully closed at both endpoints [boost.beast.websocket:1 at C:/Users/wy331/Documents/UE5DroneControl-p5-3/Backend/build-p53/vcpkg_installed/x64-windows/include\boost/beast/websocket/impl/stream.hpp:377:9 in function 'void __cdecl boost::beast::websocket::stream<class boost::asio::basic_stream_socket<class boost::asio::ip::tcp,class boost::asio::any_io_executor>,1>::do_fail(unsigned short,class boost::system::error_code,class boost::system::error_code &)']
[2026-09-20 23:36:15.275] [info] [:] [WS] session closed: The WebSocket stream was gracefully closed at both endpoints [boost.beast.websocket:1 at C:/Users/wy331/Documents/UE5DroneControl-p5-3/Backend/build-p53/vcpkg_installed/x64-windows/include\boost/beast/websocket/impl/stream.hpp:377:9 in function 'void __cdecl boost::beast::websocket::stream<class boost::asio::basic_stream_socket<class boost::asio::ip::tcp,class boost::asio::any_io_executor>,1>::do_fail(unsigned short,class boost::system::error_code,class boost::system::error_code &)']
[2026-09-20 23:36:15.316] [info] Config loaded from 'C:\Users\wy331\Documents\UE5DroneControl-p5-3\Saved\P5.3-protocol-1789918525893894700\backend.yaml': 0 ports, 6 drones max
[2026-09-20 23:36:15.317] [info] Config validation passed (0 ports, 6 max drones)
[2026-09-20 23:36:15.317] [info] [:] Logger initialized. Level=info, File=backend.log
[2026-09-20 23:36:15.317] [info] [:] ============================================
[2026-09-20 23:36:15.317] [info] [:]   Drone Backend v1.0.0
[2026-09-20 23:36:15.317] [info] [:]   HTTP :19780  WS :19781
[2026-09-20 23:36:15.317] [info] [:] ============================================
[2026-09-20 23:36:15.318] [info] [:] [UdpSender] JSON protocol session_id=backend-1789918575317623-5401db93
[2026-09-20 23:36:15.318] [info] [:] DroneManager created
[2026-09-20 23:36:15.320] [info] [:] Drone 1 added: slot=1 name=Mock UAV 01
[2026-09-20 23:36:15.320] [info] [:] Drone 2 added: slot=2 name=Mock UAV 02
[2026-09-20 23:36:15.320] [info] [:] Drone 3 added: slot=3 name=Mock UAV 03
[2026-09-20 23:36:15.320] [info] [:] Drone 4 added: slot=4 name=Mock UAV 04
[2026-09-20 23:36:15.320] [info] [:] [Storage] Loaded 4 drones from data/drones.json
[2026-09-20 23:36:15.320] [info] [:] Backend started. Press Ctrl+C to stop.
[DebugCLI] Started. Type 'help' for commands.
[2026-09-20 23:36:15.322] [info] [:] [WS] Listening on 0.0.0.0:19781
[2026-09-20 23:36:15.322] [info] [:] [HTTP] Listening on 0.0.0.0:19780
[2026-09-20 23:36:15.962] [info] [:] [WS] session closed: The WebSocket stream was gracefully closed at both endpoints [boost.beast.websocket:1 at C:/Users/wy331/Documents/UE5DroneControl-p5-3/Backend/build-p53/vcpkg_installed/x64-windows/include\boost/beast/websocket/impl/stream.hpp:377:9 in function 'void __cdecl boost::beast::websocket::stream<class boost::asio::basic_stream_socket<class boost::asio::ip::tcp,class boost::asio::any_io_executor>,1>::do_fail(unsigned short,class boost::system::error_code,class boost::system::error_code &)']
[2026-09-20 23:36:51.135] [info] [:] [WS] session closed: The WebSocket stream was gracefully closed at both endpoints [boost.beast.websocket:1 at C:/Users/wy331/Documents/UE5DroneControl-p5-3/Backend/build-p53/vcpkg_installed/x64-windows/include\boost/beast/websocket/impl/stream.hpp:377:9 in function 'void __cdecl boost::beast::websocket::stream<class boost::asio::basic_stream_socket<class boost::asio::ip::tcp,class boost::asio::any_io_executor>,1>::do_fail(unsigned short,class boost::system::error_code,class boost::system::error_code &)']
[2026-09-20 23:36:51.136] [info] [:] [WS] session closed: 远程主机强迫关闭了一个现有的连接。 [system:10054]
[2026-09-20 23:37:28.020] [info] [:] [WS] session closed: The WebSocket stream was gracefully closed at both endpoints [boost.beast.websocket:1 at C:/Users/wy331/Documents/UE5DroneControl-p5-3/Backend/build-p53/vcpkg_installed/x64-windows/include\boost/beast/websocket/impl/stream.hpp:377:9 in function 'void __cdecl boost::beast::websocket::stream<class boost::asio::basic_stream_socket<class boost::asio::ip::tcp,class boost::asio::any_io_executor>,1>::do_fail(unsigned short,class boost::system::error_code,class boost::system::error_code &)']
[2026-09-20 23:37:28.021] [info] [:] [WS] session closed: 远程主机强迫关闭了一个现有的连接。 [system:10054]
[2026-09-20 23:38:04.255] [info] [:] [WS] session closed: The WebSocket stream was gracefully closed at both endpoints [boost.beast.websocket:1 at C:/Users/wy331/Documents/UE5DroneControl-p5-3/Backend/build-p53/vcpkg_installed/x64-windows/include\boost/beast/websocket/impl/stream.hpp:377:9 in function 'void __cdecl boost::beast::websocket::stream<class boost::asio::basic_stream_socket<class boost::asio::ip::tcp,class boost::asio::any_io_executor>,1>::do_fail(unsigned short,class boost::system::error_code,class boost::system::error_code &)']
[2026-09-20 23:38:04.255] [info] [:] [WS] session closed: The WebSocket stream was gracefully closed at both endpoints [boost.beast.websocket:1 at C:/Users/wy331/Documents/UE5DroneControl-p5-3/Backend/build-p53/vcpkg_installed/x64-windows/include\boost/beast/websocket/impl/stream.hpp:377:9 in function 'void __cdecl boost::beast::websocket::stream<class boost::asio::basic_stream_socket<class boost::asio::ip::tcp,class boost::asio::any_io_executor>,1>::do_fail(unsigned short,class boost::system::error_code,class boost::system::error_code &)']
[2026-09-20 23:38:39.992] [info] [:] [WS] session closed: The WebSocket stream was gracefully closed at both endpoints [boost.beast.websocket:1 at C:/Users/wy331/Documents/UE5DroneControl-p5-3/Backend/build-p53/vcpkg_installed/x64-windows/include\boost/beast/websocket/impl/stream.hpp:377:9 in function 'void __cdecl boost::beast::websocket::stream<class boost::asio::basic_stream_socket<class boost::asio::ip::tcp,class boost::asio::any_io_executor>,1>::do_fail(unsigned short,class boost::system::error_code,class boost::system::error_code &)']
[2026-09-20 23:38:39.992] [info] [:] [WS] session closed: 远程主机强迫关闭了一个现有的连接。 [system:10054]
[2026-09-20 23:39:20.677] [info] [:] [WS] session closed: The WebSocket stream was gracefully closed at both endpoints [boost.beast.websocket:1 at C:/Users/wy331/Documents/UE5DroneControl-p5-3/Backend/build-p53/vcpkg_installed/x64-windows/include\boost/beast/websocket/impl/stream.hpp:377:9 in function 'void __cdecl boost::beast::websocket::stream<class boost::asio::basic_stream_socket<class boost::asio::ip::tcp,class boost::asio::any_io_executor>,1>::do_fail(unsigned short,class boost::system::error_code,class boost::system::error_code &)']
[2026-09-20 23:39:20.677] [info] [:] [WS] session closed: 远程主机强迫关闭了一个现有的连接。 [system:10054]
[2026-09-20 23:39:57.249] [info] [:] [WS] session closed: The WebSocket stream was gracefully closed at both endpoints [boost.beast.websocket:1 at C:/Users/wy331/Documents/UE5DroneControl-p5-3/Backend/build-p53/vcpkg_installed/x64-windows/include\boost/beast/websocket/impl/stream.hpp:377:9 in function 'void __cdecl boost::beast::websocket::stream<class boost::asio::basic_stream_socket<class boost::asio::ip::tcp,class boost::asio::any_io_executor>,1>::do_fail(unsigned short,class boost::system::error_code,class boost::system::error_code &)']
[2026-09-20 23:39:57.249] [info] [:] [WS] session closed: 远程主机强迫关闭了一个现有的连接。 [system:10054]
[2026-09-20 23:40:35.554] [info] [:] [WS] session closed: The WebSocket stream was gracefully closed at both endpoints [boost.beast.websocket:1 at C:/Users/wy331/Documents/UE5DroneControl-p5-3/Backend/build-p53/vcpkg_installed/x64-windows/include\boost/beast/websocket/impl/stream.hpp:377:9 in function 'void __cdecl boost::beast::websocket::stream<class boost::asio::basic_stream_socket<class boost::asio::ip::tcp,class boost::asio::any_io_executor>,1>::do_fail(unsigned short,class boost::system::error_code,class boost::system::error_code &)']
[2026-09-20 23:40:35.555] [info] [:] [WS] session closed: 远程主机强迫关闭了一个现有的连接。 [system:10054]
[2026-09-20 23:41:17.014] [info] [:] [WS] session closed: The WebSocket stream was gracefully closed at both endpoints [boost.beast.websocket:1 at C:/Users/wy331/Documents/UE5DroneControl-p5-3/Backend/build-p53/vcpkg_installed/x64-windows/include\boost/beast/websocket/impl/stream.hpp:377:9 in function 'void __cdecl boost::beast::websocket::stream<class boost::asio::basic_stream_socket<class boost::asio::ip::tcp,class boost::asio::any_io_executor>,1>::do_fail(unsigned short,class boost::system::error_code,class boost::system::error_code &)']
[2026-09-20 23:41:17.014] [info] [:] [WS] session closed: 远程主机强迫关闭了一个现有的连接。 [system:10054]
