适用于 .NET Framework MSBuild 版本 17.14.40+3e7442088

  1>Checking Build System
  Building Custom Rule D:/CodexPublish/drone_security/Backend/CMakeLists.txt
  main.cpp
  config_loader.cpp
  Defining YAML_CPP_API for DLL import
  coordinate_converter.cpp
  quaternion_utils.cpp
  gps_anchor_manager.cpp
  assignment_solver.cpp
  udp_receiver.cpp
  Defining YAML_CPP_API for DLL import
  udp_sender.cpp
  command_queue.cpp
  state_machine.cpp
  heartbeat_manager.cpp
  drone_manager.cpp
  assembly_controller.cpp
  assembly_planner.cpp
  execution_engine.cpp
  http_server.cpp
  video_metadata_store.cpp
  正在生成代码...
  DroneBackend.vcxproj -> D:\CodexPublish\drone_security\Backend\build-p54\Release\DroneBackend.exe
