[2026-09-21 00:03:06.663] [info] Config loaded from 'C:\Users\wy331\Documents\UE5DroneControl-p5-3\Saved\P5.3-native\backend.yaml': 0 ports, 6 drones max
[2026-09-21 00:03:06.664] [info] Config validation passed (0 ports, 6 max drones)
[2026-09-21 00:03:06.664] [info] [:] Logger initialized. Level=info, File=Logs/backend.log
[2026-09-21 00:03:06.664] [info] [:] ============================================
[2026-09-21 00:03:06.664] [info] [:]   Drone Backend v1.0.0
[2026-09-21 00:03:06.664] [info] [:]   HTTP :19880  WS :19881
[2026-09-21 00:03:06.664] [info] [:] ============================================
[2026-09-21 00:03:06.666] [info] [:] [UdpSender] JSON protocol session_id=backend-1789920186665133-7a8cfa5d
[2026-09-21 00:03:06.666] [info] [:] DroneManager created
[2026-09-21 00:03:06.667] [info] [:] Drone 1 added: slot=1 name=Mock UAV 01
[2026-09-21 00:03:06.667] [info] [:] Drone 2 added: slot=2 name=Mock UAV 02
[2026-09-21 00:03:06.667] [info] [:] Drone 3 added: slot=3 name=Mock UAV 03
[2026-09-21 00:03:06.667] [info] [:] Drone 4 added: slot=4 name=Mock UAV 04
[2026-09-21 00:03:06.667] [info] [:] [Storage] Loaded 4 drones from data/drones.json
[2026-09-21 00:03:06.667] [info] [:] Backend started. Press Ctrl+C to stop.
[2026-09-21 00:03:06.668] [info] [:] [HTTP] Listening on 0.0.0.0:19880
[2026-09-21 00:03:06.668] [info] [:] [WS] Listening on 0.0.0.0:19881
[2026-09-21 00:12:52.627] [warning] [:] [HTTP] connection error: end of stream [beast.http:1 at C:/Users/wy331/Documents/UE5DroneControl-p5-3/Backend/build-p53/vcpkg_installed/x64-windows/include\boost/beast/http/impl/read.hpp:383:13 in function 'unsigned __int64 __cdecl boost::beast::http::detail::read_some<class boost::asio::basic_stream_socket<class boost::asio::ip::tcp,class boost::asio::any_io_executor>,class boost::beast::basic_flat_buffer<class std::allocator<char> >,true>(class boost::asio::basic_stream_socket<class boost::asio::ip::tcp,class boost::asio::any_io_executor> &,class boost::beast::basic_flat_buffer<class std::allocator<char> > &,class boost::beast::http::basic_parser<1> &,class boost::system::error_code &)']
[2026-09-21 00:12:52.660] [info] [:] [WS] session closed: The WebSocket stream was gracefully closed at both endpoints [boost.beast.websocket:1 at C:/Users/wy331/Documents/UE5DroneControl-p5-3/Backend/build-p53/vcpkg_installed/x64-windows/include\boost/beast/websocket/impl/stream.hpp:377:9 in function 'void __cdecl boost::beast::websocket::stream<class boost::asio::basic_stream_socket<class boost::asio::ip::tcp,class boost::asio::any_io_executor>,1>::do_fail(unsigned short,class boost::system::error_code,class boost::system::error_code &)']
[2026-09-21 00:12:52.661] [info] [:] [WS] session closed: 远程主机强迫关闭了一个现有的连接。 [system:10054]
[2026-09-21 00:12:55.013] [info] [:] [WS] session closed: The WebSocket stream was gracefully closed at both endpoints [boost.beast.websocket:1 at C:/Users/wy331/Documents/UE5DroneControl-p5-3/Backend/build-p53/vcpkg_installed/x64-windows/include\boost/beast/websocket/impl/stream.hpp:377:9 in function 'void __cdecl boost::beast::websocket::stream<class boost::asio::basic_stream_socket<class boost::asio::ip::tcp,class boost::asio::any_io_executor>,1>::do_fail(unsigned short,class boost::system::error_code,class boost::system::error_code &)']
[2026-09-21 00:12:55.013] [info] [:] [WS] session closed: The WebSocket stream was gracefully closed at both endpoints [boost.beast.websocket:1 at C:/Users/wy331/Documents/UE5DroneControl-p5-3/Backend/build-p53/vcpkg_installed/x64-windows/include\boost/beast/websocket/impl/stream.hpp:377:9 in function 'void __cdecl boost::beast::websocket::stream<class boost::asio::basic_stream_socket<class boost::asio::ip::tcp,class boost::asio::any_io_executor>,1>::do_fail(unsigned short,class boost::system::error_code,class boost::system::error_code &)']
[2026-09-21 00:12:57.460] [info] [:] [WS] session closed: The WebSocket stream was gracefully closed at both endpoints [boost.beast.websocket:1 at C:/Users/wy331/Documents/UE5DroneControl-p5-3/Backend/build-p53/vcpkg_installed/x64-windows/include\boost/beast/websocket/impl/stream.hpp:377:9 in function 'void __cdecl boost::beast::websocket::stream<class boost::asio::basic_stream_socket<class boost::asio::ip::tcp,class boost::asio::any_io_executor>,1>::do_fail(unsigned short,class boost::system::error_code,class boost::system::error_code &)']
[2026-09-21 00:12:57.460] [info] [:] [WS] session closed: 远程主机强迫关闭了一个现有的连接。 [system:10054]
