Note: Google Test filter = P4Workflow.*:PlanFixture.*
[==========] Running 11 tests from 2 test suites.
[----------] Global test environment set-up.
[----------] 6 tests from PlanFixture
[ RUN      ] PlanFixture.Create
[       OK ] PlanFixture.Create (0 ms)
[ RUN      ] PlanFixture.AssignmentAndDuplicateRejected
[       OK ] PlanFixture.AssignmentAndDuplicateRejected (0 ms)
[ RUN      ] PlanFixture.ValidationFailureAndAtomicDeploy
[       OK ] PlanFixture.ValidationFailureAndAtomicDeploy (0 ms)
[ RUN      ] PlanFixture.InvalidCoordinatesAndStaleVersion
C:\Users\wy331\Documents\UE5DroneControl-p4\Backend\tests\test_security_plans.cpp(54): error: Expected equality of these values:
  before.at("plans")
    Which is: {"plan-1":{"id":"plan-1","name":"QA plan","description":"","status":"DRAFT","content_revision":2,"review":null,"version":2,"created_at":1.7894330836656835E9,"updated_at":1.789433083665707E9,"mission_ids":["mission-2"],"validation":{"ready":false,"issues":[{"mission_id":"mission-2","code":"NO_UAV_ASSIGNED","params":{}},{"mission_id":"mission-2","code":"ROUTE_MISSING","params":{}}],"mission_count":1,"assigned_count":0,"routes_ready":0,"validated_content_revision":null}}}
  store.snapshot().at("plans")
    Which is: {"plan-1":{"id":"plan-1","name":"QA plan","description":"","status":"DRAFT","content_revision":2,"review":null,"version":3,"created_at":1.7894330836656835E9,"updated_at":1.7894330836657495E9,"mission_ids":["mission-2"],"validation":{"ready":false,"issues":[{"mission_id":"mission-2","code":"NO_UAV_ASSIGNED","params":{}},{"mission_id":"mission-2","code":"ROUTE_MISSING","params":{}}],"mission_count":1,"assigned_count":0,"routes_ready":0,"validated_content_revision":null}}}

[  FAILED  ] PlanFixture.InvalidCoordinatesAndStaleVersion (0 ms)
[ RUN      ] PlanFixture.SelectionAndReadinessInvalidation
[       OK ] PlanFixture.SelectionAndReadinessInvalidation (0 ms)
[ RUN      ] PlanFixture.PersistenceRestart
[       OK ] PlanFixture.PersistenceRestart (9 ms)
[----------] 6 tests from PlanFixture (11 ms total)

[----------] 5 tests from P4Workflow
[ RUN      ] P4Workflow.RevisionValidationReviewInvalidation
[       OK ] P4Workflow.RevisionValidationReviewInvalidation (0 ms)
[ RUN      ] P4Workflow.ReviewRequiredAndDeploymentCopyImmutable
[       OK ] P4Workflow.ReviewRequiredAndDeploymentCopyImmutable (1 ms)
[ RUN      ] P4Workflow.SessionBlocksReviewDeployAndSaveFailureRetains
[       OK ] P4Workflow.SessionBlocksReviewDeployAndSaveFailureRetains (0 ms)
[ RUN      ] P4Workflow.OwnerRevisionAndDiscard
[       OK ] P4Workflow.OwnerRevisionAndDiscard (0 ms)
[ RUN      ] P4Workflow.IndependentViewsNoopValidationAndBusinessIsolation
[       OK ] P4Workflow.IndependentViewsNoopValidationAndBusinessIsolation (0 ms)
[----------] 5 tests from P4Workflow (3 ms total)

[----------] Global test environment tear-down
[==========] 11 tests from 2 test suites ran. (14 ms total)
[  PASSED  ] 10 tests.
[  FAILED  ] 1 test, listed below:
[  FAILED  ] PlanFixture.InvalidCoordinatesAndStaleVersion

 1 FAILED TEST
