[2026-09-15 10:05:35.213] [info] Config loaded from 'Saved/P4QA/native/config.yaml': 6 ports, 6 drones max
[2026-09-15 10:05:35.216] [info] Config validation passed (6 ports, 6 max drones)
[2026-09-15 10:05:35.219] [info] [:] Logger initialized. Level=debug, File=./Saved/P4QA/native/backend.log
[2026-09-15 10:05:35.221] [info] [:] ============================================
[2026-09-15 10:05:35.223] [info] [:]   Drone Backend v1.0.0
[2026-09-15 10:05:35.225] [info] [:]   HTTP :19282  WS :19283
[2026-09-15 10:05:35.228] [info] [:] ============================================
[2026-09-15 10:05:35.230] [info] [:] [UdpSender] JSON protocol session_id=backend-1789437935229417-586f55b0
[2026-09-15 10:05:35.231] [info] [:] DroneManager created
[2026-09-15 10:05:35.232] [info] [:] Drone 1 added: slot=1 name=Drone 1
[2026-09-15 10:05:35.232] [info] [:] Drone 2 added: slot=2 name=Drone 2
[2026-09-15 10:05:35.232] [info] [:] Drone 3 added: slot=3 name=Drone 3
[2026-09-15 10:05:35.233] [info] [:] Drone 4 added: slot=4 name=d4
[2026-09-15 10:05:35.233] [info] [:] Drone 5 added: slot=5 name=d5
[2026-09-15 10:05:35.233] [info] [:] Drone 6 added: slot=6 name=d6
[2026-09-15 10:05:35.233] [info] [:] [Storage] Loaded 6 drones from ./Saved/P4QA/native/data/drones.json
[2026-09-15 10:05:35.234] [info] [:] [UdpReceiver] Slot 1: listening port 22888 for drone 1
[2026-09-15 10:05:35.234] [info] [:] [UdpReceiver] Slot 2: listening port 22890 for drone 2
[2026-09-15 10:05:35.234] [info] [:] [UdpReceiver] Slot 3: listening port 22892 for drone 3
[2026-09-15 10:05:35.235] [info] [:] [UdpReceiver] Slot 4: listening port 22894 for drone 4
[2026-09-15 10:05:35.235] [info] [:] [UdpReceiver] Slot 5: listening port 22896 for drone 5
[2026-09-15 10:05:35.235] [info] [:] [UdpReceiver] Slot 6: listening port 22898 for drone 6
[2026-09-15 10:05:35.236] [info] [:] [UdpSender] Drone 1 target set: 127.0.0.1:22889
[2026-09-15 10:05:35.236] [info] [:] [UdpSender] Drone 2 target set: 127.0.0.1:22891
[2026-09-15 10:05:35.237] [info] [:] [UdpSender] Drone 3 target set: 127.0.0.1:22893
[2026-09-15 10:05:35.237] [info] [:] [UdpSender] Drone 4 target set: 127.0.0.1:22895
[2026-09-15 10:05:35.237] [info] [:] [UdpSender] Drone 5 target set: 127.0.0.1:22897
[2026-09-15 10:05:35.237] [info] [:] [UdpSender] Drone 6 target set: 127.0.0.1:22899
[2026-09-15 10:05:35.237] [info] [:] [UdpReceiver] Listening on port 22888
[2026-09-15 10:05:35.238] [info] [:] [UdpReceiver] Listening on port 22890
[2026-09-15 10:05:35.240] [info] [:] [UdpReceiver] Listening on port 22892
[2026-09-15 10:05:35.242] [info] [:] [UdpReceiver] Listening on port 22894
[2026-09-15 10:05:35.242] [info] [:] [UdpReceiver] Listening on port 22896
[2026-09-15 10:05:35.242] [info] [:] [UdpReceiver] Listening on port 22898
[2026-09-15 10:05:35.245] [info] [:] Backend started. Press Ctrl+C to stop.
[DebugCLI] Started. Type 'help' for commands.
[2026-09-15 10:05:35.246] [info] [:] [WS] Listening on 0.0.0.0:19283
[2026-09-15 10:05:35.246] [info] [:] [HTTP] Listening on 0.0.0.0:19282
[2026-09-15 10:05:52.852] [debug] [:] [HTTP Request] GET /api/security-plans
[2026-09-15 10:05:52.925] [debug] [:] [HTTP Request] GET /api/context
[2026-09-15 10:05:52.929] [debug] [:] [HTTP Request] GET /api/ui-preferences
[2026-09-15 10:05:52.932] [debug] [:] [HTTP Request] GET /api/video-view
