[2026-09-15 09:29:40.989] [info] Config loaded from 'Saved/P4QA/protocol2/config.yaml': 6 ports, 6 drones max
[2026-09-15 09:29:40.992] [info] Config validation passed (6 ports, 6 max drones)
[2026-09-15 09:29:40.995] [info] [:] Logger initialized. Level=debug, File=./Saved/P4QA/protocol2/backend.log
[2026-09-15 09:29:40.997] [info] [:] ============================================
[2026-09-15 09:29:40.999] [info] [:]   Drone Backend v1.0.0
[2026-09-15 09:29:41.001] [info] [:]   HTTP :19280  WS :19281
[2026-09-15 09:29:41.003] [info] [:] ============================================
[2026-09-15 09:29:41.006] [info] [:] [UdpSender] JSON protocol session_id=backend-1789435781004141-f3d29da0
[2026-09-15 09:29:41.006] [info] [:] DroneManager created
[2026-09-15 09:29:41.008] [info] [:] Drone 1 added: slot=1 name=Drone 1
[2026-09-15 09:29:41.008] [info] [:] Drone 2 added: slot=2 name=Drone 2
[2026-09-15 09:29:41.008] [info] [:] Drone 3 added: slot=3 name=Drone 3
[2026-09-15 09:29:41.008] [info] [:] Drone 4 added: slot=4 name=d4
[2026-09-15 09:29:41.009] [info] [:] Drone 5 added: slot=5 name=d5
[2026-09-15 09:29:41.009] [info] [:] Drone 6 added: slot=6 name=d6
[2026-09-15 09:29:41.009] [info] [:] [Storage] Loaded 6 drones from ./Saved/P4QA/protocol2/data/drones.json
[2026-09-15 09:29:41.009] [info] [:] [UdpReceiver] Slot 1: listening port 21888 for drone 1
[2026-09-15 09:29:41.009] [info] [:] [UdpReceiver] Slot 2: listening port 21890 for drone 2
[2026-09-15 09:29:41.010] [info] [:] [UdpReceiver] Slot 3: listening port 21892 for drone 3
[2026-09-15 09:29:41.010] [info] [:] [UdpReceiver] Slot 4: listening port 21894 for drone 4
[2026-09-15 09:29:41.010] [info] [:] [UdpReceiver] Slot 5: listening port 21896 for drone 5
[2026-09-15 09:29:41.011] [info] [:] [UdpReceiver] Slot 6: listening port 21898 for drone 6
[2026-09-15 09:29:41.012] [info] [:] [UdpSender] Drone 1 target set: 127.0.0.1:21889
[2026-09-15 09:29:41.013] [info] [:] [UdpSender] Drone 2 target set: 127.0.0.1:21891
[2026-09-15 09:29:41.013] [info] [:] [UdpSender] Drone 3 target set: 127.0.0.1:21893
[2026-09-15 09:29:41.014] [info] [:] [UdpSender] Drone 4 target set: 127.0.0.1:21895
[2026-09-15 09:29:41.014] [info] [:] [UdpSender] Drone 5 target set: 127.0.0.1:21897
[2026-09-15 09:29:41.014] [info] [:] [UdpSender] Drone 6 target set: 127.0.0.1:21899
[2026-09-15 09:29:41.014] [info] [:] [UdpReceiver] Listening on port 21888
[2026-09-15 09:29:41.015] [info] [:] [UdpReceiver] Listening on port 21890
[2026-09-15 09:29:41.015] [info] [:] [UdpReceiver] Listening on port 21892
[2026-09-15 09:29:41.015] [info] [:] [UdpReceiver] Listening on port 21894
[2026-09-15 09:29:41.016] [info] [:] [UdpReceiver] Listening on port 21896
[2026-09-15 09:29:41.016] [info] [:] [UdpReceiver] Listening on port 21898
[2026-09-15 09:29:41.016] [info] [:] Backend started. Press Ctrl+C to stop.
[DebugCLI] Started. Type 'help' for commands.
[2026-09-15 09:29:41.017] [info] [:] [WS] Listening on 0.0.0.0:19281
[2026-09-15 09:29:41.017] [info] [:] [HTTP] Listening on 0.0.0.0:19280
[2026-09-15 09:30:52.295] [debug] [:] [WS] Client connected, total sessions=1
[2026-09-15 09:30:52.480] [debug] [:] [WS Recv] {
	"type": "subscribe_context",
	"instance_id": "CC9FF86C-4FEB-5918-2BEA-D1AF4B7B2B1F"
}
[2026-09-15 09:30:52.497] [debug] [:] [WS Recv] {"type":"context_ping"}
[2026-09-15 09:30:55.524] [debug] [:] [WS Recv] {"type":"context_ping"}
[2026-09-15 09:30:58.530] [debug] [:] [WS Recv] {"type":"context_ping"}
[2026-09-15 09:30:59.792] [info] [:] [WS] session closed: 远程主机强迫关闭了一个现有的连接。 [system:10054]
[2026-09-15 09:30:59.793] [debug] [:] [WS] Client disconnected, total sessions=0
[2026-09-15 09:31:42.617] [debug] [:] [WS] Client connected, total sessions=1
[2026-09-15 09:31:42.629] [debug] [:] [WS Recv] {
	"type": "subscribe_context",
	"instance_id": "6112179D-4B3C-A9D9-4C08-DDACA61E1D96"
}
[2026-09-15 09:31:42.797] [debug] [:] [WS Recv] {"type":"context_ping"}
[2026-09-15 09:31:45.800] [debug] [:] [WS Recv] {"type":"context_ping"}
[2026-09-15 09:31:48.800] [debug] [:] [WS Recv] {"type":"context_ping"}
[2026-09-15 09:31:50.673] [info] [:] [WS] session closed: 远程主机强迫关闭了一个现有的连接。 [system:10054]
[2026-09-15 09:31:50.673] [debug] [:] [WS] Client disconnected, total sessions=0
