[2026-09-15 10:05:35.237] [info] Config loaded from 'Saved/P4QA/protocol2/config.yaml': 6 ports, 6 drones max
[2026-09-15 10:05:35.240] [info] Config validation passed (6 ports, 6 max drones)
[2026-09-15 10:05:35.242] [info] [:] Logger initialized. Level=debug, File=./Saved/P4QA/protocol2/backend.log
[2026-09-15 10:05:35.244] [info] [:] ============================================
[2026-09-15 10:05:35.246] [info] [:]   Drone Backend v1.0.0
[2026-09-15 10:05:35.249] [info] [:]   HTTP :19280  WS :19281
[2026-09-15 10:05:35.251] [info] [:] ============================================
[2026-09-15 10:05:35.253] [info] [:] [UdpSender] JSON protocol session_id=backend-1789437935251663-c66e8634
[2026-09-15 10:05:35.253] [info] [:] DroneManager created
[2026-09-15 10:05:35.254] [info] [:] Drone 1 added: slot=1 name=Drone 1
[2026-09-15 10:05:35.254] [info] [:] Drone 2 added: slot=2 name=Drone 2
[2026-09-15 10:05:35.255] [info] [:] Drone 3 added: slot=3 name=Drone 3
[2026-09-15 10:05:35.255] [info] [:] Drone 4 added: slot=4 name=d4
[2026-09-15 10:05:35.255] [info] [:] Drone 5 added: slot=5 name=d5
[2026-09-15 10:05:35.255] [info] [:] Drone 6 added: slot=6 name=d6
[2026-09-15 10:05:35.255] [info] [:] [Storage] Loaded 6 drones from ./Saved/P4QA/protocol2/data/drones.json
[2026-09-15 10:05:35.256] [info] [:] [UdpReceiver] Slot 1: listening port 21888 for drone 1
[2026-09-15 10:05:35.256] [info] [:] [UdpReceiver] Slot 2: listening port 21890 for drone 2
[2026-09-15 10:05:35.256] [info] [:] [UdpReceiver] Slot 3: listening port 21892 for drone 3
[2026-09-15 10:05:35.256] [info] [:] [UdpReceiver] Slot 4: listening port 21894 for drone 4
[2026-09-15 10:05:35.257] [info] [:] [UdpReceiver] Slot 5: listening port 21896 for drone 5
[2026-09-15 10:05:35.257] [info] [:] [UdpReceiver] Slot 6: listening port 21898 for drone 6
[2026-09-15 10:05:35.258] [info] [:] [UdpSender] Drone 1 target set: 127.0.0.1:21889
[2026-09-15 10:05:35.258] [info] [:] [UdpSender] Drone 2 target set: 127.0.0.1:21891
[2026-09-15 10:05:35.258] [info] [:] [UdpSender] Drone 3 target set: 127.0.0.1:21893
[2026-09-15 10:05:35.259] [info] [:] [UdpSender] Drone 4 target set: 127.0.0.1:21895
[2026-09-15 10:05:35.259] [info] [:] [UdpSender] Drone 5 target set: 127.0.0.1:21897
[2026-09-15 10:05:35.259] [info] [:] [UdpSender] Drone 6 target set: 127.0.0.1:21899
[2026-09-15 10:05:35.259] [info] [:] [UdpReceiver] Listening on port 21888
[2026-09-15 10:05:35.260] [info] [:] [UdpReceiver] Listening on port 21890
[2026-09-15 10:05:35.260] [info] [:] [UdpReceiver] Listening on port 21892
[2026-09-15 10:05:35.260] [info] [:] [UdpReceiver] Listening on port 21894
[2026-09-15 10:05:35.261] [info] [:] [UdpReceiver] Listening on port 21896
[2026-09-15 10:05:35.261] [info] [:] [UdpReceiver] Listening on port 21898
[2026-09-15 10:05:35.261] [info] [:] Backend started. Press Ctrl+C to stop.
[DebugCLI] Started. Type 'help' for commands.
[2026-09-15 10:05:35.262] [info] [:] [WS] Listening on 0.0.0.0:19281
[2026-09-15 10:05:35.262] [info] [:] [HTTP] Listening on 0.0.0.0:19280
[2026-09-15 10:06:23.047] [debug] [:] [HTTP Request] POST /api/context/clients
[2026-09-15 10:06:23.124] [debug] [:] [HTTP Request] GET /api/context
[2026-09-15 10:06:23.163] [debug] [:] [WS] Client connected, total sessions=1
[2026-09-15 10:06:23.166] [debug] [:] [WS Recv] {
	"type": "subscribe_context",
	"instance_id": "9434ABC1-4432-A897-98E5-288ABE0363E2"
}
[2026-09-15 10:06:23.179] [debug] [:] [HTTP Request] GET /api/security-plans
[2026-09-15 10:06:23.179] [debug] [:] [HTTP Request] GET /api/ui-preferences
[2026-09-15 10:06:23.179] [debug] [:] [HTTP Request] GET /api/video-view
[2026-09-15 10:06:23.318] [debug] [:] [WS Recv] {"type":"context_ping"}
[2026-09-15 10:06:26.565] [debug] [:] [WS Recv] {"type":"context_ping"}
[2026-09-15 10:06:29.566] [debug] [:] [WS Recv] {"type":"context_ping"}
[2026-09-15 10:06:30.750] [debug] [:] [HTTP Request] POST /api/security-plans
[2026-09-15 10:06:30.787] [debug] [:] [HTTP Request] POST /api/security-plans
[2026-09-15 10:06:30.820] [debug] [:] [HTTP Request] POST /api/security-plans
[2026-09-15 10:06:30.857] [debug] [:] [HTTP Request] POST /api/security-plans
[2026-09-15 10:06:30.890] [debug] [:] [HTTP Request] POST /api/security-plans
[2026-09-15 10:06:30.922] [debug] [:] [HTTP Request] POST /api/security-plans
[2026-09-15 10:06:30.951] [debug] [:] [HTTP Request] POST /api/security-plans
[2026-09-15 10:06:31.034] [info] [:] [WS] session closed: 远程主机强迫关闭了一个现有的连接。 [system:10054]
[2026-09-15 10:06:31.035] [debug] [:] [WS] Client disconnected, total sessions=0
[2026-09-15 10:06:31.538] [debug] [:] [HTTP Request] POST /api/context/clients
[2026-09-15 10:06:31.555] [debug] [:] [HTTP Request] GET /api/context
[2026-09-15 10:06:31.574] [debug] [:] [WS] Client connected, total sessions=1
[2026-09-15 10:06:31.581] [debug] [:] [WS Recv] {
	"type": "subscribe_context",
	"instance_id": "419CC291-4E0C-0E50-85B4-268FFE4DA91B"
}
[2026-09-15 10:06:31.595] [debug] [:] [HTTP Request] GET /api/security-plans
[2026-09-15 10:06:31.595] [debug] [:] [HTTP Request] GET /api/ui-preferences
[2026-09-15 10:06:31.595] [debug] [:] [HTTP Request] GET /api/video-view
[2026-09-15 10:06:31.765] [debug] [:] [WS Recv] {"type":"context_ping"}
[2026-09-15 10:06:35.015] [debug] [:] [WS Recv] {"type":"context_ping"}
[2026-09-15 10:06:38.018] [debug] [:] [WS Recv] {"type":"context_ping"}
[2026-09-15 10:06:39.371] [debug] [:] [HTTP Request] POST /api/security-plans
[2026-09-15 10:06:39.420] [debug] [:] [HTTP Request] POST /api/security-plans
[2026-09-15 10:06:39.455] [debug] [:] [HTTP Request] POST /api/security-plans
[2026-09-15 10:06:39.489] [debug] [:] [HTTP Request] POST /api/security-plans
[2026-09-15 10:06:39.524] [debug] [:] [HTTP Request] POST /api/security-plans
[2026-09-15 10:06:39.601] [info] [:] [WS] session closed: 远程主机强迫关闭了一个现有的连接。 [system:10054]
[2026-09-15 10:06:39.602] [debug] [:] [WS] Client disconnected, total sessions=0
