Using bundled DotNet SDK version: 10.0 win-x64
Running UnrealBuildTool: dotnet "..\..\Engine\Binaries\DotNET\UnrealBuildTool\UnrealBuildTool.dll" UE5DroneControlEditor Win64 Development -Project=C:\Users\wy331\Documents\UE5DroneControl-p5\UE5DroneControl.uproject -WaitMutex -NoHotReloadFromIDE -MaxParallelActions=4
Log file: C:\Users\wy331\AppData\Local\UnrealBuildTool\Log.txt
Executing up to 4 actions based on MaxProcessorCount override
Using 'git status' to determine working set for adaptive non-unity build (C:\Users\wy331\Documents\UE5DroneControl-p5).
UbaServer - Listening on 0.0.0.0:1345
Invalidating makefile for UE5DroneControlEditor (working set of source files changed)
Building UE5DroneControlEditor...
===== Toolchain Information =====
Using ISPC compiler (C:\Program Files\Epic Games\UE_5.8\Engine\Source\ThirdParty\Intel\ISPC\bin\Windows\ispc.exe)
  Intel(r) Implicit SPMD Program Compiler (Intel(r) ISPC), 1.24.0 (build commit  @ 20250404, LLVM 18.1.2)
Using Visual Studio 14.44.35222 toolchain (C:\Program Files (x86)\Microsoft Visual Studio\2022\BuildTools\VC\Tools\MSVC\14.44.35207) and Windows 10.0.26100.0 SDK (C:\Program Files (x86)\Windows Kits\10).
[Adaptive Build] Excluded from UE5DroneControl unity file: CommandShellWidget.cpp, MapShellWidget.cpp, ProductText.cpp, Stage1HeaderWidget.cpp, VideoShellWidget.cpp
=================================
Using Unreal Build Accelerator local executor to run 5 action(s)
  CPU 8 physical cores, 16 logical cores
  Memory 31.9 GB physical, 17.08 GB/33.9 GB committed
  UBA Storage capacity 40 GB
[1/5] Compile [x64] DroneNetworkManager.cpp
[2/5] Compile [x64] CommandShellWidget.cpp
[3/5] Link [x64] UnrealEditor-UE5DroneControl.lib
  正在创建库 C:/Users/wy331/Documents/UE5DroneControl-p5/Intermediate/Build/Win64/x64/UnrealEditor/Development/UE5DroneControl/UnrealEditor-UE5DroneControl.lib 和对象 C:/Users/wy331/Documents/UE5DroneControl-p5/Intermediate/Build/Win64/x64/UnrealEditor/Development/UE5DroneControl/UnrealEditor-UE5DroneControl.exp
[4/5] Link [x64] UnrealEditor-UE5DroneControl.dll
[5/5] WriteMetadata UE5DroneControlEditor.target [NoUba]

Total time in Unreal Build Accelerator local executor: 16.79 seconds
Output binary: C:\Program Files\Epic Games\UE_5.8\Engine\Binaries\Win64\UnrealEditor.exe

Result: Succeeded
Total execution time: 20.00 seconds
Trace written to file C:\Users\wy331\AppData\Local\UnrealBuildTool\Trace.uba with size 7.0kb
