适用于 .NET Framework MSBuild 版本 17.14.40+3e7442088

  1>Checking Build System
  Building Custom Rule C:/Users/wy331/Documents/UE5DroneControl-p5-1/Backend/CMakeLists.txt
  main.cpp
  Building Custom Rule C:/Users/wy331/Documents/UE5DroneControl-p5-1/Backend/CMakeLists.txt
  test_main.cpp
  test_operational_context.cpp
  test_security_plans.cpp
  config_loader.cpp
  Defining YAML_CPP_API for DLL import
  test_p4_workflow.cpp
  coordinate_converter.cpp
  quaternion_utils.cpp
  gps_anchor_manager.cpp
  assignment_solver.cpp
  udp_receiver.cpp
C:\Users\wy331\Documents\UE5DroneControl-p5-1\Backend\build-p5\vcpkg_installed\x64-windows\include\gtest\gtest.h(1394,7): error C2679: 二元“==”: 没有找到接受“const T2”类型的右操作数的运算符(或没有可接受的转换) [C:\Users\wy331\Documents\UE5DroneControl-p5-1\Backend\build-p5\DroneBackend_tests.vcxproj]
C:\Users\wy331\Documents\UE5DroneControl-p5-1\Backend\build-p5\vcpkg_installed\x64-windows\include\gtest\gtest.h(1394,7): error C2679:         with [C:\Users\wy331\Documents\UE5DroneControl-p5-1\Backend\build-p5\DroneBackend_tests.vcxproj]
C:\Users\wy331\Documents\UE5DroneControl-p5-1\Backend\build-p5\vcpkg_installed\x64-windows\include\gtest\gtest.h(1394,7): error C2679:         [ [C:\Users\wy331\Documents\UE5DroneControl-p5-1\Backend\build-p5\DroneBackend_tests.vcxproj]
C:\Users\wy331\Documents\UE5DroneControl-p5-1\Backend\build-p5\vcpkg_installed\x64-windows\include\gtest\gtest.h(1394,7): error C2679:             T2=std::string [C:\Users\wy331\Documents\UE5DroneControl-p5-1\Backend\build-p5\DroneBackend_tests.vcxproj]
C:\Users\wy331\Documents\UE5DroneControl-p5-1\Backend\build-p5\vcpkg_installed\x64-windows\include\gtest\gtest.h(1394,7): error C2679:         ] [C:\Users\wy331\Documents\UE5DroneControl-p5-1\Backend\build-p5\DroneBackend_tests.vcxproj]
  (编译源文件“../tests/test_p4_workflow.cpp”)
      C:\Users\wy331\Documents\UE5DroneControl-p5-1\Backend\build-p5\vcpkg_installed\x64-windows\include\gtest\gtest.h(1386,13):
      可能是“bool testing::internal::operator ==(testing::internal::faketype,testing::internal::faketype)”
          C:\Users\wy331\Documents\UE5DroneControl-p5-1\Backend\build-p5\vcpkg_installed\x64-windows\include\gtest\gtest.h(1394,7):
          “bool testing::internal::operator ==(testing::internal::faketype,testing::internal::faketype)”: 无法将参数 1 从“const T1”转换为“testing::internal::faketype”
          with
          [
              T1=boost::json::value
          ]
              C:\Users\wy331\Documents\UE5DroneControl-p5-1\Backend\build-p5\vcpkg_installed\x64-windows\include\gtest\gtest.h(1394,7):
              没有可用于执行该转换的用户定义的转换运算符，或者无法调用该运算符
      C:\Program Files (x86)\Microsoft Visual Studio\2022\BuildTools\VC\Tools\MSVC\14.44.35207\include\exception(278,28):
      或    “bool std::operator ==(const std::exception_ptr &,const std::exception_ptr &) noexcept”[使用参数相关的查找找到]
          C:\Users\wy331\Documents\UE5DroneControl-p5-1\Backend\build-p5\vcpkg_installed\x64-windows\include\gtest\gtest.h(1394,7):
          “bool std::operator ==(const std::exception_ptr &,const std::exception_ptr &) noexcept”: 无法将参数 1 从“const T1”转换为“const std::exception_ptr &”
          with
          [
              T1=boost::json::value
          ]
              C:\Users\wy331\Documents\UE5DroneControl-p5-1\Backend\build-p5\vcpkg_installed\x64-windows\include\gtest\gtest.h(1394,7):
              原因如下: 无法从“const T1”转换为“const std::exception_ptr”
          with
          [
              T1=boost::json::value
          ]
              C:\Users\wy331\Documents\UE5DroneControl-p5-1\Backend\build-p5\vcpkg_installed\x64-windows\include\gtest\gtest.h(1394,7):
              没有可用于执行该转换的用户定义的转换运算符，或者无法调用该运算符
      C:\Program Files (x86)\Microsoft Visual Studio\2022\BuildTools\VC\Tools\MSVC\14.44.35207\include\exception(282,28):
      或    “bool std::operator ==(const std::exception_ptr &,std::nullptr_t) noexcept”[使用参数相关的查找找到]
          C:\Users\wy331\Documents\UE5DroneControl-p5-1\Backend\build-p5\vcpkg_installed\x64-windows\include\gtest\gtest.h(1394,7):
          “bool std::operator ==(const std::exception_ptr &,std::nullptr_t) noexcept”: 无法将参数 1 从“const T1”转换为“const std::exception_ptr &”
          with
          [
              T1=boost::json::value
          ]
              C:\Users\wy331\Documents\UE5DroneControl-p5-1\Backend\build-p5\vcpkg_installed\x64-windows\include\gtest\gtest.h(1394,7):
              原因如下: 无法从“const T1”转换为“const std::exception_ptr”
          with
          [
              T1=boost::json::value
          ]
              C:\Users\wy331\Documents\UE5DroneControl-p5-1\Backend\build-p5\vcpkg_installed\x64-windows\include\gtest\gtest.h(1394,7):
              没有可用于执行该转换的用户定义的转换运算符，或者无法调用该运算符
      C:\Program Files (x86)\Microsoft Visual Studio\2022\BuildTools\VC\Tools\MSVC\14.44.35207\include\exception(287,28):
      或    “bool std::operator ==(std::nullptr_t,const std::exception_ptr &) noexcept”[使用参数相关的查找找到]
          C:\Users\wy331\Documents\UE5DroneControl-p5-1\Backend\build-p5\vcpkg_installed\x64-windows\include\gtest\gtest.h(1394,7):
          “bool std::operator ==(std::nullptr_t,const std::exception_ptr &) noexcept”: 无法将参数 1 从“const T1”转换为“std::nullptr_t”
          with
          [
              T1=boost::json::value
          ]
              C:\Users\wy331\Documents\UE5DroneControl-p5-1\Backend\build-p5\vcpkg_installed\x64-windows\include\gtest\gtest.h(1394,7):
              没有可用于执行该转换的用户定义的转换运算符，或者无法调用该运算符
      C:\Program Files (x86)\Microsoft Visual Studio\2022\BuildTools\VC\Tools\MSVC\14.44.35207\include\system_error(215,28):
      或    “bool std::operator ==(const std::error_code &,const std::error_code &) noexcept”[使用参数相关的查找找到]
          C:\Users\wy331\Documents\UE5DroneControl-p5-1\Backend\build-p5\vcpkg_installed\x64-windows\include\gtest\gtest.h(1394,7):
          “bool std::operator ==(const std::error_code &,const std::error_code &) noexcept”: 无法将参数 1 从“const T1”转换为“const std::error_code &”
          with
          [
              T1=boost::json::value
          ]
              C:\Users\wy331\Documents\UE5DroneControl-p5-1\Backend\build-p5\vcpkg_installed\x64-windows\include\gtest\gtest.h(1394,7):
              原因如下: 无法从“const T1”转换为“const std::error_code”
          with
          [
              T1=boost::json::value
          ]
              C:\Users\wy331\Documents\UE5DroneControl-p5-1\Backend\build-p5\vcpkg_installed\x64-windows\include\gtest\gtest.h(1394,7):
              没有可用于执行该转换的用户定义的转换运算符，或者无法调用该运算符
      C:\Program Files (x86)\Microsoft Visual Studio\2022\BuildTools\VC\Tools\MSVC\14.44.35207\include\system_error(219,28):
      或    “bool std::operator ==(const std::error_code &,const std::error_condition &) noexcept”[使用参数相关的查找找到]
          C:\Users\wy331\Documents\UE5DroneControl-p5-1\Backend\build-p5\vcpkg_installed\x64-windows\include\gtest\gtest.h(1394,7):
          “bool std::operator ==(const std::error_code &,const std::error_condition &) noexcept”: 无法将参数 1 从“const T1”转换为“const std::error_code &”
          with
          [
              T1=boost::json::value
          ]
              C:\Users\wy331\Documents\UE5DroneControl-p5-1\Backend\build-p5\vcpkg_installed\x64-windows\include\gtest\gtest.h(1394,7):
              原因如下: 无法从“const T1”转换为“const std::error_code”
          with
          [
              T1=boost::json::value
          ]
              C:\Users\wy331\Documents\UE5DroneControl-p5-1\Backend\build-p5\vcpkg_installed\x64-windows\include\gtest\gtest.h(1394,7):
              没有可用于执行该转换的用户定义的转换运算符，或者无法调用该运算符
      C:\Program Files (x86)\Microsoft Visual Studio\2022\BuildTools\VC\Tools\MSVC\14.44.35207\include\system_error(235,28):
      或    “bool std::operator ==(const std::error_condition &,const std::error_code &) noexcept”[使用参数相关的查找找到]
          C:\Users\wy331\Documents\UE5DroneControl-p5-1\Backend\build-p5\vcpkg_installed\x64-windows\include\gtest\gtest.h(1394,7):
          “bool std::operator ==(const std::error_condition &,const std::error_code &) noexcept”: 无法将参数 1 从“const T1”转换为“const std::error_condition &”
          with
          [
              T1=boost::json::value
          ]
              C:\Users\wy331\Documents\UE5DroneControl-p5-1\Backend\build-p5\vcpkg_installed\x64-windows\include\gtest\gtest.h(1394,7):
              原因如下: 无法从“const T1”转换为“const std::error_condition”
          with
          [
              T1=boost::json::value
          ]
              C:\Users\wy331\Documents\UE5DroneControl-p5-1\Backend\build-p5\vcpkg_installed\x64-windows\include\gtest\gtest.h(1394,7):
              没有可用于执行该转换的用户定义的转换运算符，或者无法调用该运算符
      C:\Program Files (x86)\Microsoft Visual Studio\2022\BuildTools\VC\Tools\MSVC\14.44.35207\include\system_error(304,28):
      或    “bool std::operator ==(const std::error_condition &,const std::error_condition &) noexcept”[使用参数相关的查找找到]
          C:\Users\wy331\Documents\UE5DroneControl-p5-1\Backend\build-p5\vcpkg_installed\x64-windows\include\gtest\gtest.h(1394,7):
          “bool std::operator ==(const std::error_condition &,const std::error_condition &) noexcept”: 无法将参数 1 从“const T1”转换为“const std::error_condition &”
          with
          [
              T1=boost::json::value
          ]
              C:\Users\wy331\Documents\UE5DroneControl-p5-1\Backend\build-p5\vcpkg_installed\x64-windows\include\gtest\gtest.h(1394,7):
              原因如下: 无法从“const T1”转换为“const std::error_condition”
          with
          [
              T1=boost::json::value
          ]
              C:\Users\wy331\Documents\UE5DroneControl-p5-1\Backend\build-p5\vcpkg_installed\x64-windows\include\gtest\gtest.h(1394,7):
              没有可用于执行该转换的用户定义的转换运算符，或者无法调用该运算符
      C:\Program Files (x86)\Microsoft Visual Studio\2022\BuildTools\VC\Tools\MSVC\14.44.35207\include\thread(267,36):
      或    “bool std::operator ==(std::thread::id,std::thread::id) noexcept”[使用参数相关的查找找到]
          C:\Users\wy331\Documents\UE5DroneControl-p5-1\Backend\build-p5\vcpkg_installed\x64-windows\include\gtest\gtest.h(1394,7):
          “bool std::operator ==(std::thread::id,std::thread::id) noexcept”: 无法将参数 1 从“const T1”转换为“std::thread::id”
          with
          [
              T1=boost::json::value
          ]
              C:\Users\wy331\Documents\UE5DroneControl-p5-1\Backend\build-p5\vcpkg_installed\x64-windows\include\gtest\gtest.h(1394,7):
              没有可用于执行该转换的用户定义的转换运算符，或者无法调用该运算符
      C:\Program Files (x86)\Microsoft Visual Studio\2022\BuildTools\VC\Tools\MSVC\14.44.35207\include\variant(1650,39):
      或    “bool std::operator ==(std::monostate,std::monostate) noexcept”[使用参数相关的查找找到]
          C:\Users\wy331\Documents\UE5DroneControl-p5-1\Backend\build-p5\vcpkg_installed\x64-windows\include\gtest\gtest.h(1394,7):
          “bool std::operator ==(std::monostate,std::monostate) noexcept”: 无法将参数 1 从“const T1”转换为“std::monostate”
          with
          [
              T1=boost::json::value
          ]
              C:\Users\wy331\Documents\UE5DroneControl-p5-1\Backend\build-p5\vcpkg_installed\x64-windows\include\gtest\gtest.h(1394,7):
              没有可用于执行该转换的用户定义的转换运算符，或者无法调用该运算符
      C:\Users\wy331\Documents\UE5DroneControl-p5-1\Backend\build-p5\vcpkg_installed\x64-windows\include\boost\json\storage_ptr.hpp(441,1):
      或    “bool boost::json::operator ==(const boost::json::storage_ptr &,const boost::json::storage_ptr &) noexcept”[使用参数相关的查找找到]
          C:\Users\wy331\Documents\UE5DroneControl-p5-1\Backend\build-p5\vcpkg_installed\x64-windows\include\gtest\gtest.h(1394,7):
          “bool boost::json::operator ==(const boost::json::storage_ptr &,const boost::json::storage_ptr &) noexcept”: 无法将参数 1 从“const T1”转换为“const boost::json::storage_ptr &”
          with
          [
              T1=boost::json::value
          ]
              C:\Users\wy331\Documents\UE5DroneControl-p5-1\Backend\build-p5\vcpkg_installed\x64-windows\include\gtest\gtest.h(1394,7):
              原因如下: 无法从“const T1”转换为“const boost::json::storage_ptr”
          with
          [
              T1=boost::json::value
          ]
              C:\Users\wy331\Documents\UE5DroneControl-p5-1\Backend\build-p5\vcpkg_installed\x64-windows\include\gtest\gtest.h(1394,7):
              没有可用于执行该转换的用户定义的转换运算符，或者无法调用该运算符
      C:\Users\wy331\Documents\UE5DroneControl-p5-1\Backend\build-p5\vcpkg_installed\x64-windows\include\boost\json\array.hpp(1305,5):
      或    “bool boost::json::operator ==(const boost::json::array &,const boost::json::array &) noexcept”[使用参数相关的查找找到]
          C:\Users\wy331\Documents\UE5DroneControl-p5-1\Backend\build-p5\vcpkg_installed\x64-windows\include\gtest\gtest.h(1394,7):
          “bool boost::json::operator ==(const boost::json::array &,const boost::json::array &) noexcept”: 无法将参数 1 从“const T1”转换为“const boost::json::array &”
          with
          [
              T1=boost::json::value
          ]
              C:\Users\wy331\Documents\UE5DroneControl-p5-1\Backend\build-p5\vcpkg_installed\x64-windows\include\gtest\gtest.h(1394,7):
              原因如下: 无法从“const T1”转换为“const boost::json::array”
          with
          [
              T1=boost::json::value
          ]
              C:\Users\wy331\Documents\UE5DroneControl-p5-1\Backend\build-p5\vcpkg_installed\x64-windows\include\gtest\gtest.h(1394,7):
              没有可用于执行该转换的用户定义的转换运算符，或者无法调用该运算符
      C:\Users\wy331\Documents\UE5DroneControl-p5-1\Backend\build-p5\vcpkg_installed\x64-windows\include\boost\json\object.hpp(1249,5):
      或    “bool boost::json::operator ==(const boost::json::object &,const boost::json::object &) noexcept”[使用参数相关的查找找到]
          C:\Users\wy331\Documents\UE5DroneControl-p5-1\Backend\build-p5\vcpkg_installed\x64-windows\include\gtest\gtest.h(1394,7):
          “bool boost::json::operator ==(const boost::json::object &,const boost::json::object &) noexcept”: 无法将参数 1 从“const T1”转换为“const boost::json::object &”
          with
          [
              T1=boost::json::value
          ]
              C:\Users\wy331\Documents\UE5DroneControl-p5-1\Backend\build-p5\vcpkg_installed\x64-windows\include\gtest\gtest.h(1394,7):
              原因如下: 无法从“const T1”转换为“const boost::json::object”
          with
          [
              T1=boost::json::value
          ]
              C:\Users\wy331\Documents\UE5DroneControl-p5-1\Backend\build-p5\vcpkg_installed\x64-windows\include\gtest\gtest.h(1394,7):
              没有可用于执行该转换的用户定义的转换运算符，或者无法调用该运算符
      C:\Users\wy331\Documents\UE5DroneControl-p5-1\Backend\build-p5\vcpkg_installed\x64-windows\include\boost\json\value.hpp(3053,5):
      或    “bool boost::json::operator ==(const boost::json::value &,const boost::json::value &) noexcept”[使用参数相关的查找找到]
          C:\Users\wy331\Documents\UE5DroneControl-p5-1\Backend\build-p5\vcpkg_installed\x64-windows\include\gtest\gtest.h(1394,7):
          “bool boost::json::operator ==(const boost::json::value &,const boost::json::value &) noexcept”: 无法将参数 2 从“const T2”转换为“const boost::json::value &”
          with
          [
              T2=std::string
          ]
              C:\Users\wy331\Documents\UE5DroneControl-p5-1\Backend\build-p5\vcpkg_installed\x64-windows\include\gtest\gtest.h(1394,14):
              原因如下: 无法从“const T2”转换为“const boost::json::value”
          with
          [
              T2=std::string
          ]
              C:\Users\wy331\Documents\UE5DroneControl-p5-1\Backend\build-p5\vcpkg_installed\x64-windows\include\gtest\gtest.h(1394,14):
              没有可用于执行该转换的用户定义的转换运算符，或者无法调用该运算符
      C:\Program Files (x86)\Microsoft Visual Studio\2022\BuildTools\VC\Tools\MSVC\14.44.35207\include\utility(503,27):
      或    “bool std::operator ==(const std::pair<_Ty1,_Ty2> &,const std::pair<_Uty1,_Uty2> &)”
          C:\Users\wy331\Documents\UE5DroneControl-p5-1\Backend\build-p5\vcpkg_installed\x64-windows\include\gtest\gtest.h(1394,7):
          “bool std::operator ==(const std::pair<_Ty1,_Ty2> &,const std::pair<_Uty1,_Uty2> &)”: 无法从“const T1”推导出“const std::pair<_Ty1,_Ty2> &”的 模板 参数
          with
          [
              T1=boost::json::value
          ]
      C:\Program Files (x86)\Microsoft Visual Studio\2022\BuildTools\VC\Tools\MSVC\14.44.35207\include\xutility(1896,30):
      或    “bool std::operator ==(const std::reverse_iterator<_BidIt> &,const std::reverse_iterator<_BidIt2> &) noexcept(<expr>)”
          C:\Users\wy331\Documents\UE5DroneControl-p5-1\Backend\build-p5\vcpkg_installed\x64-windows\include\gtest\gtest.h(1394,7):
          “bool std::operator ==(const std::reverse_iterator<_BidIt> &,const std::reverse_iterator<_BidIt2> &) noexcept(<expr>)”: 无法从“const T1”推导出“const std::reverse_iterator<_BidIt> &”的 模板 参数
          with
          [
              T1=boost::json::value
          ]
      C:\Program Files (x86)\Microsoft Visual Studio\2022\BuildTools\VC\Tools\MSVC\14.44.35207\include\xutility(4458,30):
      或    “bool std::operator ==(const std::move_iterator<_Iter> &,const std::move_iterator<_Iter2> &) noexcept(<expr>)”
          C:\Users\wy331\Documents\UE5DroneControl-p5-1\Backend\build-p5\vcpkg_installed\x64-windows\include\gtest\gtest.h(1394,7):
          “bool std::operator ==(const std::move_iterator<_Iter> &,const std::move_iterator<_Iter2> &) noexcept(<expr>)”: 无法从“const T1”推导出“const std::move_iterator<_Iter> &”的 模板 参数
          with
          [
              T1=boost::json::value
          ]
      C:\Program Files (x86)\Microsoft Visual Studio\2022\BuildTools\VC\Tools\MSVC\14.44.35207\include\xmemory(1050,30):
      或    “bool std::operator ==(const std::allocator<_Ty> &,const std::allocator<_Other> &) noexcept”
          C:\Users\wy331\Documents\UE5DroneControl-p5-1\Backend\build-p5\vcpkg_installed\x64-windows\include\gtest\gtest.h(1394,7):
          “bool std::operator ==(const std::allocator<_Ty> &,const std::allocator<_Other> &) noexcept”: 无法从“const T1”推导出“const std::allocator<_Ty> &”的 模板 参数
          with
          [
              T1=boost::json::value
          ]
      C:\Program Files (x86)\Microsoft Visual Studio\2022\BuildTools\VC\Tools\MSVC\14.44.35207\include\memory(1880,17):
      或    “bool std::operator ==(const std::shared_ptr<_Ty> &,const std::shared_ptr<_Ty0> &) noexcept”
          C:\Users\wy331\Documents\UE5DroneControl-p5-1\Backend\build-p5\vcpkg_installed\x64-windows\include\gtest\gtest.h(1394,7):
          “bool std::operator ==(const std::shared_ptr<_Ty> &,const std::shared_ptr<_Ty0> &) noexcept”: 无法从“const T1”推导出“const std::shared_ptr<_Ty> &”的 模板 参数
          with
          [
              T1=boost::json::value
          ]
      C:\Program Files (x86)\Microsoft Visual Studio\2022\BuildTools\VC\Tools\MSVC\14.44.35207\include\memory(1917,17):
      或    “bool std::operator ==(const std::shared_ptr<_Ty> &,std::nullptr_t) noexcept”
          C:\Users\wy331\Documents\UE5DroneControl-p5-1\Backend\build-p5\vcpkg_installed\x64-windows\include\gtest\gtest.h(1394,7):
          “bool std::operator ==(const std::shared_ptr<_Ty> &,std::nullptr_t) noexcept”: 无法从“const T1”推导出“const std::shared_ptr<_Ty> &”的 模板 参数
          with
          [
              T1=boost::json::value
          ]
      C:\Program Files (x86)\Microsoft Visual Studio\2022\BuildTools\VC\Tools\MSVC\14.44.35207\include\memory(1928,17):
      或    “bool std::operator ==(std::nullptr_t,const std::shared_ptr<_Ty> &) noexcept”
          C:\Users\wy331\Documents\UE5DroneControl-p5-1\Backend\build-p5\vcpkg_installed\x64-windows\include\gtest\gtest.h(1394,7):
          “bool std::operator ==(std::nullptr_t,const std::shared_ptr<_Ty> &) noexcept”: 无法从“const T2”推导出“const std::shared_ptr<_Ty> &”的 模板 参数
          with
          [
              T2=std::string
          ]
      C:\Program Files (x86)\Microsoft Visual Studio\2022\BuildTools\VC\Tools\MSVC\14.44.35207\include\memory(3666,30):
      或    “bool std::operator ==(const std::unique_ptr<_Ty,_Dx> &,const std::unique_ptr<_Ty2,_Dx2> &)”
          C:\Users\wy331\Documents\UE5DroneControl-p5-1\Backend\build-p5\vcpkg_installed\x64-windows\include\gtest\gtest.h(1394,7):
          “bool std::operator ==(const std::unique_ptr<_Ty,_Dx> &,const std::unique_ptr<_Ty2,_Dx2> &)”: 无法从“const T1”推导出“const std::unique_ptr<_Ty,_Dx> &”的 模板 参数
          with
          [
              T1=boost::json::value
          ]
      C:\Program Files (x86)\Microsoft Visual Studio\2022\BuildTools\VC\Tools\MSVC\14.44.35207\include\memory(3712,30):
      或    “bool std::operator ==(const std::unique_ptr<_Ty,_Dx> &,std::nullptr_t) noexcept”
          C:\Users\wy331\Documents\UE5DroneControl-p5-1\Backend\build-p5\vcpkg_installed\x64-windows\include\gtest\gtest.h(1394,7):
          “bool std::operator ==(const std::unique_ptr<_Ty,_Dx> &,std::nullptr_t) noexcept”: 无法从“const T1”推导出“const std::unique_ptr<_Ty,_Dx> &”的 模板 参数
          with
          [
              T1=boost::json::value
          ]
      C:\Program Files (x86)\Microsoft Visual Studio\2022\BuildTools\VC\Tools\MSVC\14.44.35207\include\memory(3718,17):
      或    “bool std::operator ==(std::nullptr_t,const std::unique_ptr<_Ty,_Dx> &) noexcept”
          C:\Users\wy331\Documents\UE5DroneControl-p5-1\Backend\build-p5\vcpkg_installed\x64-windows\include\gtest\gtest.h(1394,7):
          “bool std::operator ==(std::nullptr_t,const std::unique_ptr<_Ty,_Dx> &) noexcept”: 无法从“const T2”推导出“const std::unique_ptr<_Ty,_Dx> &”的 模板 参数
          with
          [
              T2=std::string
          ]
      C:\Program Files (x86)\Microsoft Visual Studio\2022\BuildTools\VC\Tools\MSVC\14.44.35207\include\iterator(304,17):
      或    “bool std::operator ==(const std::istream_iterator<_Ty,_Elem,_Traits,_Diff> &,const std::istream_iterator<_Ty,_Elem,_Traits,_Diff> &) noexcept”
          C:\Users\wy331\Documents\UE5DroneControl-p5-1\Backend\build-p5\vcpkg_installed\x64-windows\include\gtest\gtest.h(1394,7):
          “bool std::operator ==(const std::istream_iterator<_Ty,_Elem,_Traits,_Diff> &,const std::istream_iterator<_Ty,_Elem,_Traits,_Diff> &) noexcept”: 无法从“const T1”推导出“const std::istream_iterator<_Ty,_Elem,_Traits,_Diff> &”的 模板 参数
          with
          [
              T1=boost::json::value
          ]
      C:\Program Files (x86)\Microsoft Visual Studio\2022\BuildTools\VC\Tools\MSVC\14.44.35207\include\iterator(486,17):
      或    “bool std::operator ==(const std::istreambuf_iterator<_Elem,_Traits> &,const std::istreambuf_iterator<_Elem,_Traits> &)”
          C:\Users\wy331\Documents\UE5DroneControl-p5-1\Backend\build-p5\vcpkg_installed\x64-windows\include\gtest\gtest.h(1394,7):
          “bool std::operator ==(const std::istreambuf_iterator<_Elem,_Traits> &,const std::istreambuf_iterator<_Elem,_Traits> &)”: 无法从“const T1”推导出“const std::istreambuf_iterator<_Elem,_Traits> &”的 模板 参数
          with
          [
              T1=boost::json::value
          ]
      C:\Program Files (x86)\Microsoft Visual Studio\2022\BuildTools\VC\Tools\MSVC\14.44.35207\include\__msvc_string_view.hpp(1852,27):
      或    “bool std::operator ==(const std::basic_string_view<_Elem,_Traits>,const std::basic_string_view<_Elem,_Traits>) noexcept”
          C:\Users\wy331\Documents\UE5DroneControl-p5-1\Backend\build-p5\vcpkg_installed\x64-windows\include\gtest\gtest.h(1394,7):
          “bool std::operator ==(const std::basic_string_view<_Elem,_Traits>,const std::basic_string_view<_Elem,_Traits>) noexcept”: 无法从“const T1”推导出“const std::basic_string_view<_Elem,_Traits>”的 模板 参数
          with
          [
              T1=boost::json::value
          ]
      C:\Program Files (x86)\Microsoft Visual Studio\2022\BuildTools\VC\Tools\MSVC\14.44.35207\include\__msvc_string_view.hpp(1858,27):
      或    “bool std::operator ==(const _Identity<std::basic_string_view<_Elem,_Traits>>::type,const std::basic_string_view<_Elem,_Traits>) noexcept”
          C:\Users\wy331\Documents\UE5DroneControl-p5-1\Backend\build-p5\vcpkg_installed\x64-windows\include\gtest\gtest.h(1394,7):
          “bool std::operator ==(const _Identity<std::basic_string_view<_Elem,_Traits>>::type,const std::basic_string_view<_Elem,_Traits>) noexcept”: 无法从“const T2”推导出“const std::basic_string_view<_Elem,_Traits>”的 模板 参数
          with
          [
              T2=std::string
          ]
      C:\Program Files (x86)\Microsoft Visual Studio\2022\BuildTools\VC\Tools\MSVC\14.44.35207\include\__msvc_string_view.hpp(1864,27):
      或    “bool std::operator ==(const std::basic_string_view<_Elem,_Traits>,const _Identity<std::basic_string_view<_Elem,_Traits>>::type) noexcept”
          C:\Users\wy331\Documents\UE5DroneControl-p5-1\Backend\build-p5\vcpkg_installed\x64-windows\include\gtest\gtest.h(1394,7):
          “bool std::operator ==(const std::basic_string_view<_Elem,_Traits>,const _Identity<std::basic_string_view<_Elem,_Traits>>::type) noexcept”: 无法从“const T1”推导出“const std::basic_string_view<_Elem,_Traits>”的 模板 参数
          with
          [
              T1=boost::json::value
          ]
      C:\Program Files (x86)\Microsoft Visual Studio\2022\BuildTools\VC\Tools\MSVC\14.44.35207\include\tuple(844,27):
      或    “bool std::operator ==(const std::tuple<_Types...> &,const std::tuple<_Types...> &)”
          C:\Users\wy331\Documents\UE5DroneControl-p5-1\Backend\build-p5\vcpkg_installed\x64-windows\include\gtest\gtest.h(1394,7):
          “bool std::operator ==(const std::tuple<_Types...> &,const std::tuple<_Types...> &)”: 无法从“const T1”推导出“const std::tuple<_Types...> &”的 模板 参数
          with
          [
              T1=boost::json::value
          ]
      C:\Program Files (x86)\Microsoft Visual Studio\2022\BuildTools\VC\Tools\MSVC\14.44.35207\include\xstring(3257,30):
      或    “bool std::operator ==(const std::basic_string<_Elem,_Traits,_Alloc> &,const std::basic_string<_Elem,_Traits,_Alloc> &) noexcept”
          C:\Users\wy331\Documents\UE5DroneControl-p5-1\Backend\build-p5\vcpkg_installed\x64-windows\include\gtest\gtest.h(1394,7):
          “bool std::operator ==(const std::basic_string<_Elem,_Traits,_Alloc> &,const std::basic_string<_Elem,_Traits,_Alloc> &) noexcept”: 无法从“const T1”推导出“const std::basic_string<_Elem,_Traits,_Alloc> &”的 模板 参数
          with
          [
              T1=boost::json::value
          ]
      C:\Program Files (x86)\Microsoft Visual Studio\2022\BuildTools\VC\Tools\MSVC\14.44.35207\include\xstring(3263,30):
      或    “bool std::operator ==(const std::basic_string<_Elem,_Traits,_Alloc> &,const _Elem *const ) noexcept”
          C:\Users\wy331\Documents\UE5DroneControl-p5-1\Backend\build-p5\vcpkg_installed\x64-windows\include\gtest\gtest.h(1394,7):
          “bool std::operator ==(const std::basic_string<_Elem,_Traits,_Alloc> &,const _Elem *const ) noexcept”: 无法从“const T1”推导出“const std::basic_string<_Elem,_Traits,_Alloc> &”的 模板 参数
          with
          [
              T1=boost::json::value
          ]
      C:\Program Files (x86)\Microsoft Visual Studio\2022\BuildTools\VC\Tools\MSVC\14.44.35207\include\xstring(3282,17):
      或    “bool std::operator ==(const _Elem *const ,const std::basic_string<_Elem,_Traits,_Alloc> &) noexcept”
          C:\Users\wy331\Documents\UE5DroneControl-p5-1\Backend\build-p5\vcpkg_installed\x64-windows\include\gtest\gtest.h(1394,7):
          “bool std::operator ==(const _Elem *const ,const std::basic_string<_Elem,_Traits,_Alloc> &) noexcept”: 无法从“const T1”推导出“const _Elem *const ”的 模板 参数
          with
          [
              T1=boost::json::value
          ]
      C:\Program Files (x86)\Microsoft Visual Studio\2022\BuildTools\VC\Tools\MSVC\14.44.35207\include\set(209,17):
      或    “bool std::operator ==(const std::set<_Kty,_Pr,_Alloc> &,const std::set<_Kty,_Pr,_Alloc> &)”
          C:\Users\wy331\Documents\UE5DroneControl-p5-1\Backend\build-p5\vcpkg_installed\x64-windows\include\gtest\gtest.h(1394,7):
          “bool std::operator ==(const std::set<_Kty,_Pr,_Alloc> &,const std::set<_Kty,_Pr,_Alloc> &)”: 无法从“const T1”推导出“const std::set<_Kty,_Pr,_Alloc> &”的 模板 参数
          with
          [
              T1=boost::json::value
          ]
      C:\Program Files (x86)\Microsoft Visual Studio\2022\BuildTools\VC\Tools\MSVC\14.44.35207\include\set(424,17):
      或    “bool std::operator ==(const std::multiset<_Kty,_Pr,_Alloc> &,const std::multiset<_Kty,_Pr,_Alloc> &)”
          C:\Users\wy331\Documents\UE5DroneControl-p5-1\Backend\build-p5\vcpkg_installed\x64-windows\include\gtest\gtest.h(1394,7):
          “bool std::operator ==(const std::multiset<_Kty,_Pr,_Alloc> &,const std::multiset<_Kty,_Pr,_Alloc> &)”: 无法从“const T1”推导出“const std::multiset<_Kty,_Pr,_Alloc> &”的 模板 参数
          with
          [
              T1=boost::json::value
          ]
      C:\Program Files (x86)\Microsoft Visual Studio\2022\BuildTools\VC\Tools\MSVC\14.44.35207\include\vector(2266,30):
      或    “bool std::operator ==(const std::vector<_Ty,_Alloc> &,const std::vector<_Ty,_Alloc> &)”
          C:\Users\wy331\Documents\UE5DroneControl-p5-1\Backend\build-p5\vcpkg_installed\x64-windows\include\gtest\gtest.h(1394,7):
          “bool std::operator ==(const std::vector<_Ty,_Alloc> &,const std::vector<_Ty,_Alloc> &)”: 无法从“const T1”推导出“const std::vector<_Ty,_Alloc> &”的 模板 参数
          with
          [
              T1=boost::json::value
          ]
      C:\Program Files (x86)\Microsoft Visual Studio\2022\BuildTools\VC\Tools\MSVC\14.44.35207\include\optional(647,27):
      或    “bool std::operator ==(const std::optional<_Ty> &,const std::optional<_Ty2> &) noexcept(<expr>)”
          C:\Users\wy331\Documents\UE5DroneControl-p5-1\Backend\build-p5\vcpkg_installed\x64-windows\include\gtest\gtest.h(1394,7):
          “bool std::operator ==(const std::optional<_Ty> &,const std::optional<_Ty2> &) noexcept(<expr>)”: 无法从“const T1”推导出“const std::optional<_Ty> &”的 模板 参数
          with
          [
              T1=boost::json::value
          ]
      C:\Program Files (x86)\Microsoft Visual Studio\2022\BuildTools\VC\Tools\MSVC\14.44.35207\include\optional(763,27):
      或    “bool std::operator ==(const std::optional<_Ty> &,std::nullopt_t) noexcept”
          C:\Users\wy331\Documents\UE5DroneControl-p5-1\Backend\build-p5\vcpkg_installed\x64-windows\include\gtest\gtest.h(1394,7):
          “bool std::operator ==(const std::optional<_Ty> &,std::nullopt_t) noexcept”: 无法从“const T1”推导出“const std::optional<_Ty> &”的 模板 参数
          with
          [
              T1=boost::json::value
          ]
      C:\Program Files (x86)\Microsoft Visual Studio\2022\BuildTools\VC\Tools\MSVC\14.44.35207\include\optional(774,27):
      或    “bool std::operator ==(std::nullopt_t,const std::optional<_Ty> &) noexcept”
          C:\Users\wy331\Documents\UE5DroneControl-p5-1\Backend\build-p5\vcpkg_installed\x64-windows\include\gtest\gtest.h(1394,7):
          “bool std::operator ==(std::nullopt_t,const std::optional<_Ty> &) noexcept”: 无法从“const T2”推导出“const std::optional<_Ty> &”的 模板 参数
          with
          [
              T2=std::string
          ]
      C:\Program Files (x86)\Microsoft Visual Studio\2022\BuildTools\VC\Tools\MSVC\14.44.35207\include\optional(852,27):
      或    “bool std::operator ==(const std::optional<_Ty> &,const _Ty2 &) noexcept(<expr>)”
          C:\Users\wy331\Documents\UE5DroneControl-p5-1\Backend\build-p5\vcpkg_installed\x64-windows\include\gtest\gtest.h(1394,7):
          “bool std::operator ==(const std::optional<_Ty> &,const _Ty2 &) noexcept(<expr>)”: 无法从“const T1”推导出“const std::optional<_Ty> &”的 模板 参数
          with
          [
              T1=boost::json::value
          ]
      C:\Program Files (x86)\Microsoft Visual Studio\2022\BuildTools\VC\Tools\MSVC\14.44.35207\include\optional(861,27):
      或    “bool std::operator ==(const _Ty1 &,const std::optional<_Ty2> &) noexcept(<expr>)”
          C:\Users\wy331\Documents\UE5DroneControl-p5-1\Backend\build-p5\vcpkg_installed\x64-windows\include\gtest\gtest.h(1394,7):
          “bool std::operator ==(const _Ty1 &,const std::optional<_Ty2> &) noexcept(<expr>)”: 无法从“const T2”推导出“const std::optional<_Ty2> &”的 模板 参数
          with
          [
              T2=std::string
          ]
      C:\Program Files (x86)\Microsoft Visual Studio\2022\BuildTools\VC\Tools\MSVC\14.44.35207\include\variant(1300,27):
      或    “bool std::operator ==(const std::variant<_Types...> &,const std::variant<_Types...> &) noexcept(<expr>)”
          C:\Users\wy331\Documents\UE5DroneControl-p5-1\Backend\build-p5\vcpkg_installed\x64-windows\include\gtest\gtest.h(1394,7):
          “bool std::operator ==(const std::variant<_Types...> &,const std::variant<_Types...> &) noexcept(<expr>)”: 无法从“const T1”推导出“const std::variant<_Types...> &”的 模板 参数
          with
          [
              T1=boost::json::value
          ]
      C:\Program Files (x86)\Microsoft Visual Studio\2022\BuildTools\VC\Tools\MSVC\14.44.35207\include\list(1890,17):
      或    “bool std::operator ==(const std::list<_Ty,_Alloc> &,const std::list<_Ty,_Alloc> &)”
          C:\Users\wy331\Documents\UE5DroneControl-p5-1\Backend\build-p5\vcpkg_installed\x64-windows\include\gtest\gtest.h(1394,7):
          “bool std::operator ==(const std::list<_Ty,_Alloc> &,const std::list<_Ty,_Alloc> &)”: 无法从“const T1”推导出“const std::list<_Ty,_Alloc> &”的 模板 参数
          with
          [
              T1=boost::json::value
          ]
      C:\Program Files (x86)\Microsoft Visual Studio\2022\BuildTools\VC\Tools\MSVC\14.44.35207\include\unordered_map(536,17):
      或    “bool std::operator ==(const std::unordered_map<_Kty,_Ty,_Hasher,_Keyeq,_Alloc> &,const std::unordered_map<_Kty,_Ty,_Hasher,_Keyeq,_Alloc> &)”
          C:\Users\wy331\Documents\UE5DroneControl-p5-1\Backend\build-p5\vcpkg_installed\x64-windows\include\gtest\gtest.h(1394,7):
          “bool std::operator ==(const std::unordered_map<_Kty,_Ty,_Hasher,_Keyeq,_Alloc> &,const std::unordered_map<_Kty,_Ty,_Hasher,_Keyeq,_Alloc> &)”: 无法从“const T1”推导出“const std::unordered_map<_Kty,_Ty,_Hasher,_Keyeq,_Alloc> &”的 模板 参数
          with
          [
              T1=boost::json::value
          ]
      C:\Program Files (x86)\Microsoft Visual Studio\2022\BuildTools\VC\Tools\MSVC\14.44.35207\include\unordered_map(908,17):
      或    “bool std::operator ==(const std::unordered_multimap<_Kty,_Ty,_Hasher,_Keyeq,_Alloc> &,const std::unordered_multimap<_Kty,_Ty,_Hasher,_Keyeq,_Alloc> &)”
          C:\Users\wy331\Documents\UE5DroneControl-p5-1\Backend\build-p5\vcpkg_installed\x64-windows\include\gtest\gtest.h(1394,7):
          “bool std::operator ==(const std::unordered_multimap<_Kty,_Ty,_Hasher,_Keyeq,_Alloc> &,const std::unordered_multimap<_Kty,_Ty,_Hasher,_Keyeq,_Alloc> &)”: 无法从“const T1”推导出“const std::unordered_multimap<_Kty,_Ty,_Hasher,_Keyeq,_Alloc> &”的 模板 参数
          with
          [
              T1=boost::json::value
          ]
      C:\Program Files (x86)\Microsoft Visual Studio\2022\BuildTools\VC\Tools\MSVC\14.44.35207\include\functional(1284,17):
      或    “bool std::operator ==(const std::function<_Fty> &,std::nullptr_t) noexcept”
          C:\Users\wy331\Documents\UE5DroneControl-p5-1\Backend\build-p5\vcpkg_installed\x64-windows\include\gtest\gtest.h(1394,7):
          “bool std::operator ==(const std::function<_Fty> &,std::nullptr_t) noexcept”: 无法从“const T1”推导出“const std::function<_Fty> &”的 模板 参数
          with
          [
              T1=boost::json::value
          ]
      C:\Program Files (x86)\Microsoft Visual Studio\2022\BuildTools\VC\Tools\MSVC\14.44.35207\include\functional(1290,17):
      或    “bool std::operator ==(std::nullptr_t,const std::function<_Fty> &) noexcept”
          C:\Users\wy331\Documents\UE5DroneControl-p5-1\Backend\build-p5\vcpkg_installed\x64-windows\include\gtest\gtest.h(1394,7):
          “bool std::operator ==(std::nullptr_t,const std::function<_Fty> &) noexcept”: 无法从“const T2”推导出“const std::function<_Fty> &”的 模板 参数
          with
          [
              T2=std::string
          ]
      C:\Program Files (x86)\Microsoft Visual Studio\2022\BuildTools\VC\Tools\MSVC\14.44.35207\include\map(400,17):
      或    “bool std::operator ==(const std::map<_Kty,_Ty,_Pr,_Alloc> &,const std::map<_Kty,_Ty,_Pr,_Alloc> &)”
          C:\Users\wy331\Documents\UE5DroneControl-p5-1\Backend\build-p5\vcpkg_installed\x64-windows\include\gtest\gtest.h(1394,7):
          “bool std::operator ==(const std::map<_Kty,_Ty,_Pr,_Alloc> &,const std::map<_Kty,_Ty,_Pr,_Alloc> &)”: 无法从“const T1”推导出“const std::map<_Kty,_Ty,_Pr,_Alloc> &”的 模板 参数
          with
          [
              T1=boost::json::value
          ]
      C:\Program Files (x86)\Microsoft Visual Studio\2022\BuildTools\VC\Tools\MSVC\14.44.35207\include\map(631,17):
      或    “bool std::operator ==(const std::multimap<_Kty,_Ty,_Pr,_Alloc> &,const std::multimap<_Kty,_Ty,_Pr,_Alloc> &)”
          C:\Users\wy331\Documents\UE5DroneControl-p5-1\Backend\build-p5\vcpkg_installed\x64-windows\include\gtest\gtest.h(1394,7):
          “bool std::operator ==(const std::multimap<_Kty,_Ty,_Pr,_Alloc> &,const std::multimap<_Kty,_Ty,_Pr,_Alloc> &)”: 无法从“const T1”推导出“const std::multimap<_Kty,_Ty,_Pr,_Alloc> &”的 模板 参数
          with
          [
              T1=boost::json::value
          ]
      C:\Users\wy331\Documents\UE5DroneControl-p5-1\Backend\build-p5\vcpkg_installed\x64-windows\include\boost\json\string.hpp(2081,1):
      或    “std::enable_if<string_and_stringlike<T,U>::value||string_and_stringlike<U,T>::value,bool>::type boost::json::operator ==(const T &,const U &) noexcept”
          C:\Users\wy331\Documents\UE5DroneControl-p5-1\Backend\build-p5\vcpkg_installed\x64-windows\include\gtest\gtest.h(1394,7):
          未能使函数模板“std::enable_if<string_and_stringlike<T,U>::value||string_and_stringlike<U,T>::value,bool>::type boost::json::operator ==(const T &,const U &) noexcept”专用化
              C:\Users\wy331\Documents\UE5DroneControl-p5-1\Backend\build-p5\vcpkg_installed\x64-windows\include\gtest\gtest.h(1394,7):
              用下列模板参数:
                  C:\Users\wy331\Documents\UE5DroneControl-p5-1\Backend\build-p5\vcpkg_installed\x64-windows\include\gtest\gtest.h(1394,7):
                  “T=T1”
                  C:\Users\wy331\Documents\UE5DroneControl-p5-1\Backend\build-p5\vcpkg_installed\x64-windows\include\gtest\gtest.h(1394,7):
                  “U=T2”
              C:\Users\wy331\Documents\UE5DroneControl-p5-1\Backend\build-p5\vcpkg_installed\x64-windows\include\boost\json\string.hpp(2080,9):
              “boost::json::detail::string_comp_op_requirement”: 未能使别名模板专用化
                  C:\Users\wy331\Documents\UE5DroneControl-p5-1\Backend\build-p5\vcpkg_installed\x64-windows\include\boost\json\detail\string_impl.hpp(379,16):
                  “type”: 不是“std::enable_if<false,bool>”的任何直接或间接基类的成员
      C:\Program Files (x86)\Microsoft Visual Studio\2022\BuildTools\VC\Tools\MSVC\14.44.35207\include\array(777,30):
      或    “bool std::operator ==(const std::array<_Ty,_Size> &,const std::array<_Ty,_Size> &)”
          C:\Users\wy331\Documents\UE5DroneControl-p5-1\Backend\build-p5\vcpkg_installed\x64-windows\include\gtest\gtest.h(1394,7):
          “bool std::operator ==(const std::array<_Ty,_Size> &,const std::array<_Ty,_Size> &)”: 无法从“const T1”推导出“const std::array<_Ty,_Size> &”的 模板 参数
          with
          [
              T1=boost::json::value
          ]
      C:\Program Files (x86)\Microsoft Visual Studio\2022\BuildTools\VC\Tools\MSVC\14.44.35207\include\iosfwd(101,28):
      或    “bool std::operator ==(const std::fpos<_Mbstatet> &,const _Int) noexcept”
          C:\Users\wy331\Documents\UE5DroneControl-p5-1\Backend\build-p5\vcpkg_installed\x64-windows\include\gtest\gtest.h(1394,7):
          “bool std::operator ==(const std::fpos<_Mbstatet> &,const _Int) noexcept”: 无法推导“__formal”的 模板 参数
              C:\Program Files (x86)\Microsoft Visual Studio\2022\BuildTools\VC\Tools\MSVC\14.44.35207\include\iosfwd(100,27):
              “std::enable_if_t<false,int>”: 未能使别名模板专用化
      C:\Program Files (x86)\Microsoft Visual Studio\2022\BuildTools\VC\Tools\MSVC\14.44.35207\include\iosfwd(107,28):
      或    “bool std::operator ==(const _Int,const std::fpos<_Mbstatet> &) noexcept”
          C:\Users\wy331\Documents\UE5DroneControl-p5-1\Backend\build-p5\vcpkg_installed\x64-windows\include\gtest\gtest.h(1394,7):
          “bool std::operator ==(const _Int,const std::fpos<_Mbstatet> &) noexcept”: 无法推导“__formal”的 模板 参数
              C:\Program Files (x86)\Microsoft Visual Studio\2022\BuildTools\VC\Tools\MSVC\14.44.35207\include\iosfwd(106,27):
              “std::enable_if_t<false,int>”: 未能使别名模板专用化
      C:\Users\wy331\Documents\UE5DroneControl-p5-1\Backend\build-p5\vcpkg_installed\x64-windows\include\gtest\gtest.h(1394,7):
      尝试匹配参数列表“(const T1, const T2)”时
          with
          [
              T1=boost::json::value
          ]
          and
          [
              T2=std::string
          ]
      C:\Users\wy331\Documents\UE5DroneControl-p5-1\Backend\build-p5\vcpkg_installed\x64-windows\include\gtest\gtest.h(1394,7):
      模板实例化上下文(最早的实例化上下文)为
          C:\Users\wy331\Documents\UE5DroneControl-p5-1\Backend\tests\test_p4_workflow.cpp(90,5):
          查看对正在编译的函数 模板 实例化“testing::AssertionResult testing::internal::EqHelper::Compare<boost::json::value,std::string,0x0>(const char *,const char *,const T1 &,const T2 &)”的引用
          with
          [
              T1=boost::json::value,
              T2=std::string
          ]
          C:\Users\wy331\Documents\UE5DroneControl-p5-1\Backend\build-p5\vcpkg_installed\x64-windows\include\gtest\gtest.h(1413,12):
          查看对正在编译的函数 模板 实例化“testing::AssertionResult testing::internal::CmpHelperEQ<T1,T2>(const char *,const char *,const T1 &,const T2 &)”的引用
          with
          [
              T1=boost::json::value,
              T2=std::string
          ]

  test_coordinate_converter.cpp
  test_quaternion_utils.cpp
  Defining YAML_CPP_API for DLL import
  test_gps_anchor_manager.cpp
  udp_sender.cpp
  test_command_queue.cpp
  test_state_machine.cpp
  test_assembly_planner.cpp
  test_video_metadata_store.cpp
  command_queue.cpp
  state_machine.cpp
  heartbeat_manager.cpp
  coordinate_converter.cpp
  quaternion_utils.cpp
  gps_anchor_manager.cpp
  assignment_solver.cpp
  command_queue.cpp
  state_machine.cpp
  assembly_planner.cpp
  drone_manager.cpp
  video_metadata_store.cpp
  正在生成代码...
  assembly_controller.cpp
  assembly_planner.cpp
  execution_engine.cpp
  http_server.cpp
  video_metadata_store.cpp
  正在生成代码...
  DroneBackend.vcxproj -> C:\Users\wy331\Documents\UE5DroneControl-p5-1\Backend\build-p5\Release\DroneBackend.exe
