Using bundled DotNet SDK version: 10.0 win-x64
Running UnrealBuildTool: dotnet "..\..\Engine\Binaries\DotNET\UnrealBuildTool\UnrealBuildTool.dll" UE5DroneControlEditor Win64 Development -Project=C:\Users\wy331\Documents\UE5DroneControl-p5-1\UE5DroneControl.uproject -WaitMutex -NoHotReloadFromIDE -MaxParallelActions=2
Log file: C:\Users\wy331\AppData\Local\UnrealBuildTool\Log.txt
Executing up to 2 actions based on MaxProcessorCount override
Using 'git status' to determine working set for adaptive non-unity build (C:\Users\wy331\Documents\UE5DroneControl-p5-1).
UbaServer - Listening on 0.0.0.0:1345
Invalidating makefile for UE5DroneControlEditor (working set of source files changed)
UHT compiled-in object format Default
Building UE5DroneControlEditor...
===== Toolchain Information =====
Using ISPC compiler (C:\Program Files\Epic Games\UE_5.8\Engine\Source\ThirdParty\Intel\ISPC\bin\Windows\ispc.exe)
  Intel(r) Implicit SPMD Program Compiler (Intel(r) ISPC), 1.24.0 (build commit  @ 20250404, LLVM 18.1.2)
Using Visual Studio 14.44.35222 toolchain (C:\Program Files (x86)\Microsoft Visual Studio\2022\BuildTools\VC\Tools\MSVC\14.44.35207) and Windows 10.0.26100.0 SDK (C:\Program Files (x86)\Windows Kits\10).
[Adaptive Build] Excluded from UE5DroneControl unity file: CommandCenterPanel.cpp, CommandShellWidget.cpp, DroneOpsPlayerController.cpp, MapMissionRouteWidget.cpp, ProductText.cpp, SecurityPlanWorkspaceWidget.cpp, P4WorkflowTest.cpp
=================================
Using Unreal Build Accelerator local executor to run 24 action(s)
  CPU 8 physical cores, 16 logical cores
  Memory 31.9 GB physical, 19.28 GB/33.9 GB committed
  UBA Storage capacity 40 GB
[1/24] Compile [x64] CommandCenterPanel.cpp
[2/24] Compile [x64] CommandCenterV2Test.cpp
[3/24] Compile [x64] CommandClientTest.cpp
[4/24] Compile [x64] CommandMapInteractionService.cpp
[5/24] Compile [x64] CommandMapModeTest.cpp
[6/24] Compile [x64] CommandScreenManager.cpp
[7/24] Compile [x64] CommandShellWidget.cpp
C:\Users\wy331\Documents\UE5DroneControl-p5-1\Source\UE5DroneControl\Command\CommandShellWidget.cpp(306,27): error C2065: “bRestoredWorkspace”: 未声明的标识符
    if(WorkspacePages && !bRestoredWorkspace){auto* Sync=GetGameInstance()->GetSubsystem<UOperationalContextSubsystem>();if(Sync->IsHydrated()){bRestoredWorkspace=true;if(!PlanUI::Field(Sync->GetContext(),TEXT("active_security_plan_id")).IsEmpty())Navigate(TEXT("navigate"),1);}}
                          ^
C:\Users\wy331\Documents\UE5DroneControl-p5-1\Source\UE5DroneControl\Command\CommandShellWidget.cpp(306,145): error C2065: “bRestoredWorkspace”: 未声明的标识符
    if(WorkspacePages && !bRestoredWorkspace){auto* Sync=GetGameInstance()->GetSubsystem<UOperationalContextSubsystem>();if(Sync->IsHydrated()){bRestoredWorkspace=true;if(!PlanUI::Field(Sync->GetContext(),TEXT("active_security_plan_id")).IsEmpty())Navigate(TEXT("navigate"),1);}}
                                                                                                                                                ^
[8/24] Compile [x64] DefaultSegmentSpeedWidget.cpp
[9/24] Compile [x64] DroneListWidget.cpp
[10/24] Compile [x64] DroneOpsGameMode.cpp
[11/24] Compile [x64] DroneOpsPlayerController.cpp
[12/24] Compile [x64] DronePathActor.cpp
[13/24] Compile [x64] DroneVideoWindowWidget.cpp
[14/24] Compile [x64] DroneWaypointActor.cpp
[15/24] Compile [x64] GeographicTargetPanelWidget.cpp
[16/24] Compile [x64] MapExtractionTest.cpp
[17/24] Compile [x64] MapMissionRouteWidget.cpp
[18/24] Compile [x64] P4WorkflowTest.cpp
[19/24] Compile [x64] ProductText.cpp
[20/24] Compile [x64] Module.UE5DroneControl.gen.cpp
[21/24] Compile [x64] SecurityPlanWorkspaceWidget.cpp
Total time in Unreal Build Accelerator local executor: 123.17 seconds

Result: Failed (OtherCompilationError)
Total execution time: 128.96 seconds
Trace written to file C:\Users\wy331\AppData\Local\UnrealBuildTool\Trace.uba with size 20.0kb
