[2026-09-27 11:33:57.904] [info] [:] Logger initialized. Level=info, File=Logs/backend.log
[2026-09-27 11:33:57.904] [info] [:] ============================================
[2026-09-27 11:33:57.904] [info] [:]   Drone Backend v1.0.0
[2026-09-27 11:33:57.904] [info] [:]   HTTP :20280  WS :20281
[2026-09-27 11:33:57.904] [info] [:] ============================================
[2026-09-27 11:33:57.906] [info] [:] [UdpSender] JSON protocol session_id=backend-1790480037904547-cc91b266
[2026-09-27 11:33:57.906] [info] [:] DroneManager created
[2026-09-27 11:33:57.907] [info] [:] Drone 1 added: slot=1 name=Mock UAV 01
[2026-09-27 11:33:57.907] [info] [:] Drone 2 added: slot=2 name=Mock UAV 02
[2026-09-27 11:33:57.907] [info] [:] Drone 3 added: slot=3 name=Mock UAV 03
[2026-09-27 11:33:57.907] [info] [:] Drone 4 added: slot=4 name=Mock UAV 04
[2026-09-27 11:33:57.907] [info] [:] [Storage] Loaded 4 drones from data/drones.json
[2026-09-27 11:33:57.907] [info] [:] Backend started. Press Ctrl+C to stop.
[2026-09-27 11:33:57.908] [info] [:] [HTTP] Listening on 0.0.0.0:20280
[2026-09-27 11:33:57.908] [info] [:] [WS] Listening on 0.0.0.0:20281
[2026-09-27 11:37:05.196] [info] [:] [WS] session closed: The WebSocket stream was gracefully closed at both endpoints [boost.beast.websocket:1 at D:/CodexPublish/drone_security/Backend/build-p54/vcpkg_installed/x64-windows/include\boost/beast/websocket/impl/stream.hpp:377:9 in function 'void __cdecl boost::beast::websocket::stream<class boost::asio::basic_stream_socket<class boost::asio::ip::tcp,class boost::asio::any_io_executor>,1>::do_fail(unsigned short,class boost::system::error_code,class boost::system::error_code &)']
[2026-09-27 11:37:05.197] [info] [:] [WS] session closed: The WebSocket stream was gracefully closed at both endpoints [boost.beast.websocket:1 at D:/CodexPublish/drone_security/Backend/build-p54/vcpkg_installed/x64-windows/include\boost/beast/websocket/impl/stream.hpp:377:9 in function 'void __cdecl boost::beast::websocket::stream<class boost::asio::basic_stream_socket<class boost::asio::ip::tcp,class boost::asio::any_io_executor>,1>::do_fail(unsigned short,class boost::system::error_code,class boost::system::error_code &)']
[2026-09-27 11:41:42.666] [info] [:] [WS] session closed: 你的主机中的软件中止了一个已建立的连接。 [system:10053]
[2026-09-27 11:41:42.667] [info] [:] [WS] session closed: 你的主机中的软件中止了一个已建立的连接。 [system:10053]
[2026-09-27 11:43:05.382] [info] [:] [WS] session closed: The WebSocket stream was gracefully closed at both endpoints [boost.beast.websocket:1 at D:/CodexPublish/drone_security/Backend/build-p54/vcpkg_installed/x64-windows/include\boost/beast/websocket/impl/stream.hpp:377:9 in function 'void __cdecl boost::beast::websocket::stream<class boost::asio::basic_stream_socket<class boost::asio::ip::tcp,class boost::asio::any_io_executor>,1>::do_fail(unsigned short,class boost::system::error_code,class boost::system::error_code &)']
[2026-09-27 11:43:05.382] [info] [:] [WS] session closed: 远程主机强迫关闭了一个现有的连接。 [system:10054]
[2026-09-27 11:49:10.738] [info] [:] [WS] session closed: The WebSocket stream was gracefully closed at both endpoints [boost.beast.websocket:1 at D:/CodexPublish/drone_security/Backend/build-p54/vcpkg_installed/x64-windows/include\boost/beast/websocket/impl/stream.hpp:377:9 in function 'void __cdecl boost::beast::websocket::stream<class boost::asio::basic_stream_socket<class boost::asio::ip::tcp,class boost::asio::any_io_executor>,1>::do_fail(unsigned short,class boost::system::error_code,class boost::system::error_code &)']
[2026-09-27 11:49:10.738] [info] [:] [WS] session closed: 远程主机强迫关闭了一个现有的连接。 [system:10054]
[2026-09-27 11:53:11.153] [info] [:] [WS] session closed: 远程主机强迫关闭了一个现有的连接。 [system:10054]
[2026-09-27 11:53:11.153] [info] [:] [WS] session closed: 你的主机中的软件中止了一个已建立的连接。 [system:10053]
[2026-09-27 12:07:39.585] [info] [:] [WS] session closed: 远程主机强迫关闭了一个现有的连接。 [system:10054]
[2026-09-27 12:07:39.585] [info] [:] [WS] session closed: 远程主机强迫关闭了一个现有的连接。 [system:10054]
[2026-09-27 12:11:05.328] [warning] [:] [HTTP] connection error: end of stream [beast.http:1 at D:/CodexPublish/drone_security/Backend/build-p54/vcpkg_installed/x64-windows/include\boost/beast/http/impl/read.hpp:383:13 in function 'unsigned __int64 __cdecl boost::beast::http::detail::read_some<class boost::asio::basic_stream_socket<class boost::asio::ip::tcp,class boost::asio::any_io_executor>,class boost::beast::basic_flat_buffer<class std::allocator<char> >,true>(class boost::asio::basic_stream_socket<class boost::asio::ip::tcp,class boost::asio::any_io_executor> &,class boost::beast::basic_flat_buffer<class std::allocator<char> > &,class boost::beast::http::basic_parser<1> &,class boost::system::error_code &)']
