[2026-08-06 17:13:34.402] [info] [:] Logger initialized. Level=debug, File=./logs/backend.log
[2026-08-06 17:13:34.402] [info] [:] ============================================
[2026-08-06 17:13:34.402] [info] [:]   Drone Backend v1.0.0
[2026-08-06 17:13:34.402] [info] [:]   HTTP :8080  WS :8081
[2026-08-06 17:13:34.402] [info] [:] ============================================
[2026-08-06 17:13:34.406] [info] [:] [UdpSender] JSON protocol session_id=backend-1786007614402773-a042982d
[2026-08-06 17:13:34.406] [info] [:] DroneManager created
[2026-08-06 17:13:34.407] [info] [:] Drone 1 added: slot=1 name=Drone 1
[2026-08-06 17:13:34.407] [info] [:] Drone 2 added: slot=2 name=Drone 2
[2026-08-06 17:13:34.407] [info] [:] Drone 3 added: slot=3 name=Drone 3
[2026-08-06 17:13:34.407] [info] [:] [Storage] Loaded 3 drones from ./Backend/data/drones.json
[2026-08-06 17:13:34.407] [info] [:] [UdpReceiver] Slot 1: listening port 8888 for drone 1
[2026-08-06 17:13:34.407] [info] [:] [UdpReceiver] Slot 2: listening port 8890 for drone 2
[2026-08-06 17:13:34.407] [info] [:] [UdpReceiver] Slot 3: listening port 8892 for drone 3
[2026-08-06 17:13:34.407] [info] [:] [UdpReceiver] Slot 4: listening port 8894 for drone 4
[2026-08-06 17:13:34.407] [info] [:] [UdpReceiver] Slot 5: listening port 8896 for drone 5
[2026-08-06 17:13:34.407] [info] [:] [UdpReceiver] Slot 6: listening port 8898 for drone 6
[2026-08-06 17:13:34.409] [info] [:] [UdpSender] Drone 1 target set: 192.168.30.103:8889
[2026-08-06 17:13:34.409] [info] [:] [UdpSender] Drone 2 target set: 192.168.30.104:8891
[2026-08-06 17:13:34.409] [info] [:] [UdpSender] Drone 3 target set: 192.168.30.103:8893
[2026-08-06 17:13:34.409] [info] [:] [UdpSender] Drone 4 target set: 192.168.30.103:8895
[2026-08-06 17:13:34.409] [info] [:] [UdpSender] Drone 5 target set: 192.168.30.103:8897
[2026-08-06 17:13:34.409] [info] [:] [UdpSender] Drone 6 target set: 192.168.30.103:8899
[2026-08-06 17:13:34.409] [info] [:] [UdpReceiver] Listening on port 8888
[2026-08-06 17:13:34.409] [info] [:] [UdpReceiver] Listening on port 8890
[2026-08-06 17:13:34.409] [info] [:] [UdpReceiver] Listening on port 8892
[2026-08-06 17:13:34.409] [info] [:] [UdpReceiver] Listening on port 8894
[2026-08-06 17:13:34.409] [info] [:] [UdpReceiver] Listening on port 8896
[2026-08-06 17:13:34.410] [info] [:] [UdpReceiver] Listening on port 8898
[2026-08-06 17:13:34.410] [info] [:] Backend started. Press Ctrl+C to stop.
[2026-08-06 17:13:34.413] [info] [:] [HTTP] Listening on 0.0.0.0:8080
[2026-08-06 17:13:34.413] [info] [:] [WS] Listening on 0.0.0.0:8081
[2026-08-06 17:18:23.061] [debug] [:] [WS] Client connected, total sessions=1
[2026-08-06 17:18:33.940] [info] [:] [WS] session closed: The WebSocket stream was gracefully closed at both endpoints [boost.beast.websocket:1 at D:/RedAlert/UE5DroneControl/Backend/build/vcpkg_installed/x64-windows/include\boost/beast/websocket/impl/stream.hpp:377:9 in function 'void __cdecl boost::beast::websocket::stream<class boost::asio::basic_stream_socket<class boost::asio::ip::tcp,class boost::asio::any_io_executor>,1>::do_fail(unsigned short,class boost::system::error_code,class boost::system::error_code &)']
[2026-08-06 17:18:33.940] [debug] [:] [WS] Client disconnected, total sessions=0
[2026-08-06 17:18:59.231] [debug] [:] [WS] Client connected, total sessions=1
[2026-08-06 17:19:16.357] [info] [:] [Assembly] Stopped
[2026-08-06 17:19:49.961] [info] [:] [WS] session closed: The WebSocket stream was gracefully closed at both endpoints [boost.beast.websocket:1 at D:/RedAlert/UE5DroneControl/Backend/build/vcpkg_installed/x64-windows/include\boost/beast/websocket/impl/stream.hpp:377:9 in function 'void __cdecl boost::beast::websocket::stream<class boost::asio::basic_stream_socket<class boost::asio::ip::tcp,class boost::asio::any_io_executor>,1>::do_fail(unsigned short,class boost::system::error_code,class boost::system::error_code &)']
[2026-08-06 17:19:49.961] [debug] [:] [WS] Client disconnected, total sessions=0
[2026-08-06 17:40:42.526] [debug] [:] [WS] Client connected, total sessions=1
[2026-08-06 19:09:01.171] [info] [:] [WS] session closed: The WebSocket stream was gracefully closed at both endpoints [boost.beast.websocket:1 at D:/RedAlert/UE5DroneControl/Backend/build/vcpkg_installed/x64-windows/include\boost/beast/websocket/impl/stream.hpp:377:9 in function 'void __cdecl boost::beast::websocket::stream<class boost::asio::basic_stream_socket<class boost::asio::ip::tcp,class boost::asio::any_io_executor>,1>::do_fail(unsigned short,class boost::system::error_code,class boost::system::error_code &)']
[2026-08-06 19:09:01.171] [debug] [:] [WS] Client disconnected, total sessions=0
[2026-08-06 19:10:34.346] [debug] [:] [WS] Client connected, total sessions=1
[2026-08-06 19:10:46.237] [info] [:] Drone 4 added: slot=4 name=d4
[2026-08-06 19:10:46.240] [info] [:] [HTTP] Registered drone d4 slot=4
[2026-08-06 19:10:49.508] [info] [:] Drone 5 added: slot=5 name=d5
[2026-08-06 19:10:49.511] [info] [:] [HTTP] Registered drone d5 slot=5
[2026-08-06 19:10:51.998] [info] [:] Drone 6 added: slot=6 name=d6
[2026-08-06 19:10:52.004] [info] [:] [HTTP] Registered drone d6 slot=6
[2026-08-06 19:11:18.239] [info] [:] [WS] session closed: End of file [asio.misc:2]
[2026-08-06 19:11:18.239] [debug] [:] [WS] Client disconnected, total sessions=0
[2026-08-06 19:12:30.389] [debug] [:] [WS] Client connected, total sessions=1
[2026-08-06 19:12:52.024] [info] [:] [WS] session closed: End of file [asio.misc:2]
[2026-08-06 19:12:52.024] [debug] [:] [WS] Client disconnected, total sessions=0
[2026-08-06 19:13:58.435] [debug] [:] [WS] Client connected, total sessions=1
[2026-08-06 19:14:58.266] [info] [:] [Assembly] Stopped
[2026-08-06 19:15:21.844] [info] [:] [WS] session closed: End of file [asio.misc:2]
[2026-08-06 19:15:21.844] [debug] [:] [WS] Client disconnected, total sessions=0
[2026-08-06 19:29:43.207] [debug] [:] [WS] Client connected, total sessions=1
[2026-08-06 19:31:20.559] [info] [:] [Assembly] Stopped
[2026-08-06 19:32:11.085] [info] [:] [WS] session closed: The WebSocket stream was gracefully closed at both endpoints [boost.beast.websocket:1 at D:/RedAlert/UE5DroneControl/Backend/build/vcpkg_installed/x64-windows/include\boost/beast/websocket/impl/stream.hpp:377:9 in function 'void __cdecl boost::beast::websocket::stream<class boost::asio::basic_stream_socket<class boost::asio::ip::tcp,class boost::asio::any_io_executor>,1>::do_fail(unsigned short,class boost::system::error_code,class boost::system::error_code &)']
[2026-08-06 19:32:11.085] [debug] [:] [WS] Client disconnected, total sessions=0
