[2026-09-20 23:28:36.425] [info] Config loaded from 'C:\Users\wy331\Documents\UE5DroneControl-p5-3\Saved\P5.3-protocol-1789918116364740400\backend.yaml': 0 ports, 6 drones max
[2026-09-20 23:28:36.425] [info] Config validation passed (0 ports, 6 max drones)
[2026-09-20 23:28:36.426] [info] [:] Logger initialized. Level=info, File=backend.log
[2026-09-20 23:28:36.426] [info] [:] ============================================
[2026-09-20 23:28:36.426] [info] [:]   Drone Backend v1.0.0
[2026-09-20 23:28:36.426] [info] [:]   HTTP :19780  WS :19781
[2026-09-20 23:28:36.426] [info] [:] ============================================
[2026-09-20 23:28:36.427] [info] [:] [UdpSender] JSON protocol session_id=backend-1789918116426465-27809029
[2026-09-20 23:28:36.427] [info] [:] DroneManager created
[2026-09-20 23:28:36.439] [info] [:] Drone 1 added: slot=1 name=Mock UAV 01
[2026-09-20 23:28:36.439] [info] [:] Drone 2 added: slot=2 name=Mock UAV 02
[2026-09-20 23:28:36.439] [info] [:] Drone 3 added: slot=3 name=Mock UAV 03
[2026-09-20 23:28:36.439] [info] [:] Drone 4 added: slot=4 name=Mock UAV 04
[2026-09-20 23:28:36.439] [info] [:] [Storage] Loaded 4 drones from data/drones.json
[2026-09-20 23:28:36.439] [info] [:] Backend started. Press Ctrl+C to stop.
[DebugCLI] Started. Type 'help' for commands.
[2026-09-20 23:28:36.440] [info] [:] [WS] Listening on 0.0.0.0:19781
[2026-09-20 23:28:36.440] [info] [:] [HTTP] Listening on 0.0.0.0:19780
[2026-09-20 23:28:37.455] [info] [:] [WS] session closed: The WebSocket stream was gracefully closed at both endpoints [boost.beast.websocket:1 at C:/Users/wy331/Documents/UE5DroneControl-p5-3/Backend/build-p53/vcpkg_installed/x64-windows/include\boost/beast/websocket/impl/stream.hpp:377:9 in function 'void __cdecl boost::beast::websocket::stream<class boost::asio::basic_stream_socket<class boost::asio::ip::tcp,class boost::asio::any_io_executor>,1>::do_fail(unsigned short,class boost::system::error_code,class boost::system::error_code &)']
[2026-09-20 23:28:59.883] [info] [:] [WS] session closed: The WebSocket stream was gracefully closed at both endpoints [boost.beast.websocket:1 at C:/Users/wy331/Documents/UE5DroneControl-p5-3/Backend/build-p53/vcpkg_installed/x64-windows/include\boost/beast/websocket/impl/stream.hpp:377:9 in function 'void __cdecl boost::beast::websocket::stream<class boost::asio::basic_stream_socket<class boost::asio::ip::tcp,class boost::asio::any_io_executor>,1>::do_fail(unsigned short,class boost::system::error_code,class boost::system::error_code &)']
[2026-09-20 23:28:59.883] [info] [:] [WS] session closed: The WebSocket stream was gracefully closed at both endpoints [boost.beast.websocket:1 at C:/Users/wy331/Documents/UE5DroneControl-p5-3/Backend/build-p53/vcpkg_installed/x64-windows/include\boost/beast/websocket/impl/stream.hpp:377:9 in function 'void __cdecl boost::beast::websocket::stream<class boost::asio::basic_stream_socket<class boost::asio::ip::tcp,class boost::asio::any_io_executor>,1>::do_fail(unsigned short,class boost::system::error_code,class boost::system::error_code &)']
[2026-09-20 23:28:59.883] [info] [:] [WS] session closed: The WebSocket stream was gracefully closed at both endpoints [boost.beast.websocket:1 at C:/Users/wy331/Documents/UE5DroneControl-p5-3/Backend/build-p53/vcpkg_installed/x64-windows/include\boost/beast/websocket/impl/stream.hpp:377:9 in function 'void __cdecl boost::beast::websocket::stream<class boost::asio::basic_stream_socket<class boost::asio::ip::tcp,class boost::asio::any_io_executor>,1>::do_fail(unsigned short,class boost::system::error_code,class boost::system::error_code &)']
[2026-09-20 23:29:00.340] [info] [:] [WS] session closed: The WebSocket stream was gracefully closed at both endpoints [boost.beast.websocket:1 at C:/Users/wy331/Documents/UE5DroneControl-p5-3/Backend/build-p53/vcpkg_installed/x64-windows/include\boost/beast/websocket/impl/stream.hpp:377:9 in function 'void __cdecl boost::beast::websocket::stream<class boost::asio::basic_stream_socket<class boost::asio::ip::tcp,class boost::asio::any_io_executor>,1>::do_fail(unsigned short,class boost::system::error_code,class boost::system::error_code &)']
[2026-09-20 23:29:00.581] [info] [:] [WS] session closed: The WebSocket stream was gracefully closed at both endpoints [boost.beast.websocket:1 at C:/Users/wy331/Documents/UE5DroneControl-p5-3/Backend/build-p53/vcpkg_installed/x64-windows/include\boost/beast/websocket/impl/stream.hpp:377:9 in function 'void __cdecl boost::beast::websocket::stream<class boost::asio::basic_stream_socket<class boost::asio::ip::tcp,class boost::asio::any_io_executor>,1>::do_fail(unsigned short,class boost::system::error_code,class boost::system::error_code &)']
[2026-09-20 23:29:00.811] [info] [:] [WS] session closed: The WebSocket stream was gracefully closed at both endpoints [boost.beast.websocket:1 at C:/Users/wy331/Documents/UE5DroneControl-p5-3/Backend/build-p53/vcpkg_installed/x64-windows/include\boost/beast/websocket/impl/stream.hpp:377:9 in function 'void __cdecl boost::beast::websocket::stream<class boost::asio::basic_stream_socket<class boost::asio::ip::tcp,class boost::asio::any_io_executor>,1>::do_fail(unsigned short,class boost::system::error_code,class boost::system::error_code &)']
[2026-09-20 23:29:13.791] [info] [:] [WS] session closed: The WebSocket stream was gracefully closed at both endpoints [boost.beast.websocket:1 at C:/Users/wy331/Documents/UE5DroneControl-p5-3/Backend/build-p53/vcpkg_installed/x64-windows/include\boost/beast/websocket/impl/stream.hpp:377:9 in function 'void __cdecl boost::beast::websocket::stream<class boost::asio::basic_stream_socket<class boost::asio::ip::tcp,class boost::asio::any_io_executor>,1>::do_fail(unsigned short,class boost::system::error_code,class boost::system::error_code &)']
[2026-09-20 23:29:13.791] [info] [:] [WS] session closed: The WebSocket stream was gracefully closed at both endpoints [boost.beast.websocket:1 at C:/Users/wy331/Documents/UE5DroneControl-p5-3/Backend/build-p53/vcpkg_installed/x64-windows/include\boost/beast/websocket/impl/stream.hpp:377:9 in function 'void __cdecl boost::beast::websocket::stream<class boost::asio::basic_stream_socket<class boost::asio::ip::tcp,class boost::asio::any_io_executor>,1>::do_fail(unsigned short,class boost::system::error_code,class boost::system::error_code &)']
[2026-09-20 23:29:13.791] [info] [:] [WS] session closed: The WebSocket stream was gracefully closed at both endpoints [boost.beast.websocket:1 at C:/Users/wy331/Documents/UE5DroneControl-p5-3/Backend/build-p53/vcpkg_installed/x64-windows/include\boost/beast/websocket/impl/stream.hpp:377:9 in function 'void __cdecl boost::beast::websocket::stream<class boost::asio::basic_stream_socket<class boost::asio::ip::tcp,class boost::asio::any_io_executor>,1>::do_fail(unsigned short,class boost::system::error_code,class boost::system::error_code &)']
[2026-09-20 23:29:13.791] [info] [:] [WS] session closed: The WebSocket stream was gracefully closed at both endpoints [boost.beast.websocket:1 at C:/Users/wy331/Documents/UE5DroneControl-p5-3/Backend/build-p53/vcpkg_installed/x64-windows/include\boost/beast/websocket/impl/stream.hpp:377:9 in function 'void __cdecl boost::beast::websocket::stream<class boost::asio::basic_stream_socket<class boost::asio::ip::tcp,class boost::asio::any_io_executor>,1>::do_fail(unsigned short,class boost::system::error_code,class boost::system::error_code &)']
[2026-09-20 23:29:14.409] [info] [:] [WS] session closed: The WebSocket stream was gracefully closed at both endpoints [boost.beast.websocket:1 at C:/Users/wy331/Documents/UE5DroneControl-p5-3/Backend/build-p53/vcpkg_installed/x64-windows/include\boost/beast/websocket/impl/stream.hpp:377:9 in function 'void __cdecl boost::beast::websocket::stream<class boost::asio::basic_stream_socket<class boost::asio::ip::tcp,class boost::asio::any_io_executor>,1>::do_fail(unsigned short,class boost::system::error_code,class boost::system::error_code &)']
[2026-09-20 23:29:14.409] [info] [:] [WS] session closed: The WebSocket stream was gracefully closed at both endpoints [boost.beast.websocket:1 at C:/Users/wy331/Documents/UE5DroneControl-p5-3/Backend/build-p53/vcpkg_installed/x64-windows/include\boost/beast/websocket/impl/stream.hpp:377:9 in function 'void __cdecl boost::beast::websocket::stream<class boost::asio::basic_stream_socket<class boost::asio::ip::tcp,class boost::asio::any_io_executor>,1>::do_fail(unsigned short,class boost::system::error_code,class boost::system::error_code &)']
[2026-09-20 23:29:14.409] [info] [:] [WS] session closed: The WebSocket stream was gracefully closed at both endpoints [boost.beast.websocket:1 at C:/Users/wy331/Documents/UE5DroneControl-p5-3/Backend/build-p53/vcpkg_installed/x64-windows/include\boost/beast/websocket/impl/stream.hpp:377:9 in function 'void __cdecl boost::beast::websocket::stream<class boost::asio::basic_stream_socket<class boost::asio::ip::tcp,class boost::asio::any_io_executor>,1>::do_fail(unsigned short,class boost::system::error_code,class boost::system::error_code &)']
[2026-09-20 23:29:14.409] [info] [:] [WS] session closed: The WebSocket stream was gracefully closed at both endpoints [boost.beast.websocket:1 at C:/Users/wy331/Documents/UE5DroneControl-p5-3/Backend/build-p53/vcpkg_installed/x64-windows/include\boost/beast/websocket/impl/stream.hpp:377:9 in function 'void __cdecl boost::beast::websocket::stream<class boost::asio::basic_stream_socket<class boost::asio::ip::tcp,class boost::asio::any_io_executor>,1>::do_fail(unsigned short,class boost::system::error_code,class boost::system::error_code &)']
[2026-09-20 23:29:24.735] [info] [:] [WS] session closed: The WebSocket stream was gracefully closed at both endpoints [boost.beast.websocket:1 at C:/Users/wy331/Documents/UE5DroneControl-p5-3/Backend/build-p53/vcpkg_installed/x64-windows/include\boost/beast/websocket/impl/stream.hpp:377:9 in function 'void __cdecl boost::beast::websocket::stream<class boost::asio::basic_stream_socket<class boost::asio::ip::tcp,class boost::asio::any_io_executor>,1>::do_fail(unsigned short,class boost::system::error_code,class boost::system::error_code &)']
[2026-09-20 23:29:24.735] [info] [:] [WS] session closed: The WebSocket stream was gracefully closed at both endpoints [boost.beast.websocket:1 at C:/Users/wy331/Documents/UE5DroneControl-p5-3/Backend/build-p53/vcpkg_installed/x64-windows/include\boost/beast/websocket/impl/stream.hpp:377:9 in function 'void __cdecl boost::beast::websocket::stream<class boost::asio::basic_stream_socket<class boost::asio::ip::tcp,class boost::asio::any_io_executor>,1>::do_fail(unsigned short,class boost::system::error_code,class boost::system::error_code &)']
[2026-09-20 23:29:24.735] [info] [:] [WS] session closed: The WebSocket stream was gracefully closed at both endpoints [boost.beast.websocket:1 at C:/Users/wy331/Documents/UE5DroneControl-p5-3/Backend/build-p53/vcpkg_installed/x64-windows/include\boost/beast/websocket/impl/stream.hpp:377:9 in function 'void __cdecl boost::beast::websocket::stream<class boost::asio::basic_stream_socket<class boost::asio::ip::tcp,class boost::asio::any_io_executor>,1>::do_fail(unsigned short,class boost::system::error_code,class boost::system::error_code &)']
[2026-09-20 23:29:24.736] [info] [:] [WS] session closed: The WebSocket stream was gracefully closed at both endpoints [boost.beast.websocket:1 at C:/Users/wy331/Documents/UE5DroneControl-p5-3/Backend/build-p53/vcpkg_installed/x64-windows/include\boost/beast/websocket/impl/stream.hpp:377:9 in function 'void __cdecl boost::beast::websocket::stream<class boost::asio::basic_stream_socket<class boost::asio::ip::tcp,class boost::asio::any_io_executor>,1>::do_fail(unsigned short,class boost::system::error_code,class boost::system::error_code &)']
[2026-09-20 23:29:25.756] [info] [:] [WS] session closed: The WebSocket stream was gracefully closed at both endpoints [boost.beast.websocket:1 at C:/Users/wy331/Documents/UE5DroneControl-p5-3/Backend/build-p53/vcpkg_installed/x64-windows/include\boost/beast/websocket/impl/stream.hpp:377:9 in function 'void __cdecl boost::beast::websocket::stream<class boost::asio::basic_stream_socket<class boost::asio::ip::tcp,class boost::asio::any_io_executor>,1>::do_fail(unsigned short,class boost::system::error_code,class boost::system::error_code &)']
[2026-09-20 23:29:25.756] [info] [:] [WS] session closed: The WebSocket stream was gracefully closed at both endpoints [boost.beast.websocket:1 at C:/Users/wy331/Documents/UE5DroneControl-p5-3/Backend/build-p53/vcpkg_installed/x64-windows/include\boost/beast/websocket/impl/stream.hpp:377:9 in function 'void __cdecl boost::beast::websocket::stream<class boost::asio::basic_stream_socket<class boost::asio::ip::tcp,class boost::asio::any_io_executor>,1>::do_fail(unsigned short,class boost::system::error_code,class boost::system::error_code &)']
[2026-09-20 23:29:25.793] [info] Config loaded from 'C:\Users\wy331\Documents\UE5DroneControl-p5-3\Saved\P5.3-protocol-1789918116364740400\backend.yaml': 0 ports, 6 drones max
[2026-09-20 23:29:25.794] [info] Config validation passed (0 ports, 6 max drones)
[2026-09-20 23:29:25.794] [info] [:] Logger initialized. Level=info, File=backend.log
[2026-09-20 23:29:25.794] [info] [:] ============================================
[2026-09-20 23:29:25.794] [info] [:]   Drone Backend v1.0.0
[2026-09-20 23:29:25.794] [info] [:]   HTTP :19780  WS :19781
[2026-09-20 23:29:25.794] [info] [:] ============================================
[2026-09-20 23:29:25.796] [info] [:] [UdpSender] JSON protocol session_id=backend-1789918165794872-20d11d32
[2026-09-20 23:29:25.796] [info] [:] DroneManager created
[2026-09-20 23:29:25.797] [info] [:] Drone 1 added: slot=1 name=Mock UAV 01
[2026-09-20 23:29:25.797] [info] [:] Drone 2 added: slot=2 name=Mock UAV 02
[2026-09-20 23:29:25.797] [info] [:] Drone 3 added: slot=3 name=Mock UAV 03
[2026-09-20 23:29:25.797] [info] [:] Drone 4 added: slot=4 name=Mock UAV 04
[2026-09-20 23:29:25.797] [info] [:] [Storage] Loaded 4 drones from data/drones.json
[2026-09-20 23:29:25.797] [info] [:] Backend started. Press Ctrl+C to stop.
[DebugCLI] Started. Type 'help' for commands.
[2026-09-20 23:29:25.799] [info] [:] [HTTP] Listening on 0.0.0.0:19780
[2026-09-20 23:29:25.799] [info] [:] [WS] Listening on 0.0.0.0:19781
[2026-09-20 23:29:26.421] [info] [:] [WS] session closed: The WebSocket stream was gracefully closed at both endpoints [boost.beast.websocket:1 at C:/Users/wy331/Documents/UE5DroneControl-p5-3/Backend/build-p53/vcpkg_installed/x64-windows/include\boost/beast/websocket/impl/stream.hpp:377:9 in function 'void __cdecl boost::beast::websocket::stream<class boost::asio::basic_stream_socket<class boost::asio::ip::tcp,class boost::asio::any_io_executor>,1>::do_fail(unsigned short,class boost::system::error_code,class boost::system::error_code &)']
[2026-09-20 23:30:06.964] [info] [:] [WS] session closed: The WebSocket stream was gracefully closed at both endpoints [boost.beast.websocket:1 at C:/Users/wy331/Documents/UE5DroneControl-p5-3/Backend/build-p53/vcpkg_installed/x64-windows/include\boost/beast/websocket/impl/stream.hpp:377:9 in function 'void __cdecl boost::beast::websocket::stream<class boost::asio::basic_stream_socket<class boost::asio::ip::tcp,class boost::asio::any_io_executor>,1>::do_fail(unsigned short,class boost::system::error_code,class boost::system::error_code &)']
[2026-09-20 23:30:06.964] [info] [:] [WS] session closed: 远程主机强迫关闭了一个现有的连接。 [system:10054]
[2026-09-20 23:30:45.736] [info] [:] [WS] session closed: The WebSocket stream was gracefully closed at both endpoints [boost.beast.websocket:1 at C:/Users/wy331/Documents/UE5DroneControl-p5-3/Backend/build-p53/vcpkg_installed/x64-windows/include\boost/beast/websocket/impl/stream.hpp:377:9 in function 'void __cdecl boost::beast::websocket::stream<class boost::asio::basic_stream_socket<class boost::asio::ip::tcp,class boost::asio::any_io_executor>,1>::do_fail(unsigned short,class boost::system::error_code,class boost::system::error_code &)']
[2026-09-20 23:30:45.736] [info] [:] [WS] session closed: 远程主机强迫关闭了一个现有的连接。 [system:10054]
[2026-09-20 23:31:47.959] [info] [:] [WS] session closed: 远程主机强迫关闭了一个现有的连接。 [system:10054]
[2026-09-20 23:31:47.959] [info] [:] [WS] session closed: 你的主机中的软件中止了一个已建立的连接。 [system:10053]
[2026-09-20 23:32:21.350] [info] [:] [WS] session closed: 远程主机强迫关闭了一个现有的连接。 [system:10054]
