适用于 .NET Framework MSBuild 版本 17.14.40+3e7442088

  1>Checking Build System
  Building Custom Rule C:/Users/wy331/Documents/UE5DroneControl-p2/Backend/CMakeLists.txt
  main.cpp
  Building Custom Rule C:/Users/wy331/Documents/UE5DroneControl-p2/Backend/CMakeLists.txt
  test_main.cpp
  test_operational_context.cpp
  test_coordinate_converter.cpp
  test_quaternion_utils.cpp
  config_loader.cpp
  test_gps_anchor_manager.cpp
  Defining YAML_CPP_API for DLL import
  coordinate_converter.cpp
  quaternion_utils.cpp
  gps_anchor_manager.cpp
  test_command_queue.cpp
  assignment_solver.cpp
  udp_receiver.cpp
  test_state_machine.cpp
  test_assembly_planner.cpp
  Defining YAML_CPP_API for DLL import
  test_video_metadata_store.cpp
  udp_sender.cpp
  coordinate_converter.cpp
  quaternion_utils.cpp
  gps_anchor_manager.cpp
  assignment_solver.cpp
  command_queue.cpp
  state_machine.cpp
  assembly_planner.cpp
  command_queue.cpp
  video_metadata_store.cpp
  state_machine.cpp
  heartbeat_manager.cpp
  正在生成代码...
  drone_manager.cpp
  DroneBackend_tests.vcxproj -> C:\Users\wy331\Documents\UE5DroneControl-p2\Backend\build-p2\Release\DroneBackend_tests.exe
  assembly_controller.cpp
  assembly_planner.cpp
  execution_engine.cpp
  http_server.cpp
  video_metadata_store.cpp
  正在生成代码...
  DroneBackend.vcxproj -> C:\Users\wy331\Documents\UE5DroneControl-p2\Backend\build-p2\Release\DroneBackend.exe
  Building Custom Rule C:/Users/wy331/Documents/UE5DroneControl-p2/Backend/CMakeLists.txt
