Traceback (most recent call last):
  File "C:\Users\wy331\AppData\Local\Programs\Python\Python313\Lib\urllib\request.py", line 1319, in do_open
    h.request(req.get_method(), req.selector, req.data, headers,
    ~~~~~~~~~^^^^^^^^^^^^^^^^^^^^^^^^^^^^^^^^^^^^^^^^^^^^^^^^^^^
              encode_chunked=req.has_header('Transfer-encoding'))
              ^^^^^^^^^^^^^^^^^^^^^^^^^^^^^^^^^^^^^^^^^^^^^^^^^^^
  File "C:\Users\wy331\AppData\Local\Programs\Python\Python313\Lib\http\client.py", line 1358, in request
    self._send_request(method, url, body, headers, encode_chunked)
    ~~~~~~~~~~~~~~~~~~^^^^^^^^^^^^^^^^^^^^^^^^^^^^^^^^^^^^^^^^^^^^
  File "C:\Users\wy331\AppData\Local\Programs\Python\Python313\Lib\http\client.py", line 1404, in _send_request
    self.endheaders(body, encode_chunked=encode_chunked)
    ~~~~~~~~~~~~~~~^^^^^^^^^^^^^^^^^^^^^^^^^^^^^^^^^^^^^
  File "C:\Users\wy331\AppData\Local\Programs\Python\Python313\Lib\http\client.py", line 1353, in endheaders
    self._send_output(message_body, encode_chunked=encode_chunked)
    ~~~~~~~~~~~~~~~~~^^^^^^^^^^^^^^^^^^^^^^^^^^^^^^^^^^^^^^^^^^^^^
  File "C:\Users\wy331\AppData\Local\Programs\Python\Python313\Lib\http\client.py", line 1113, in _send_output
    self.send(msg)
    ~~~~~~~~~^^^^^
  File "C:\Users\wy331\AppData\Local\Programs\Python\Python313\Lib\http\client.py", line 1057, in send
    self.connect()
    ~~~~~~~~~~~~^^
  File "C:\Users\wy331\AppData\Local\Programs\Python\Python313\Lib\http\client.py", line 1023, in connect
    self.sock = self._create_connection(
                ~~~~~~~~~~~~~~~~~~~~~~~^
        (self.host,self.port), self.timeout, self.source_address)
        ^^^^^^^^^^^^^^^^^^^^^^^^^^^^^^^^^^^^^^^^^^^^^^^^^^^^^^^^^
  File "C:\Users\wy331\AppData\Local\Programs\Python\Python313\Lib\socket.py", line 864, in create_connection
    raise exceptions[0]
  File "C:\Users\wy331\AppData\Local\Programs\Python\Python313\Lib\socket.py", line 849, in create_connection
    sock.connect(sa)
    ~~~~~~~~~~~~^^^^
TimeoutError: timed out

During handling of the above exception, another exception occurred:

Traceback (most recent call last):
  File "C:\Users\wy331\Documents\UE5DroneControl-p5\Launcher\record_acceptance.py", line 15, in <module>
    snapshot = compatible_snapshot(config['http_endpoint'])
  File "C:\Users\wy331\Documents\UE5DroneControl-p5\Launcher\runtime.py", line 24, in compatible_snapshot
    context = api(base, '/api/context')
  File "C:\Users\wy331\Documents\UE5DroneControl-p5\Launcher\runtime.py", line 20, in api
    with urllib.request.urlopen(base.rstrip('/') + path, timeout=2) as response:
         ~~~~~~~~~~~~~~~~~~~~~~^^^^^^^^^^^^^^^^^^^^^^^^^^^^^^^^^^^^
  File "C:\Users\wy331\AppData\Local\Programs\Python\Python313\Lib\urllib\request.py", line 189, in urlopen
    return opener.open(url, data, timeout)
           ~~~~~~~~~~~^^^^^^^^^^^^^^^^^^^^
  File "C:\Users\wy331\AppData\Local\Programs\Python\Python313\Lib\urllib\request.py", line 489, in open
    response = self._open(req, data)
  File "C:\Users\wy331\AppData\Local\Programs\Python\Python313\Lib\urllib\request.py", line 506, in _open
    result = self._call_chain(self.handle_open, protocol, protocol +
                              '_open', req)
  File "C:\Users\wy331\AppData\Local\Programs\Python\Python313\Lib\urllib\request.py", line 466, in _call_chain
    result = func(*args)
  File "C:\Users\wy331\AppData\Local\Programs\Python\Python313\Lib\urllib\request.py", line 1348, in http_open
    return self.do_open(http.client.HTTPConnection, req)
           ~~~~~~~~~~~~^^^^^^^^^^^^^^^^^^^^^^^^^^^^^^^^^
  File "C:\Users\wy331\AppData\Local\Programs\Python\Python313\Lib\urllib\request.py", line 1322, in do_open
    raise URLError(err)
urllib.error.URLError: <urlopen error timed out>
