[2026-09-26 20:27:22.296] [info] Config loaded from 'C:\Users\wy331\Documents\UE5DroneControl-p5-4\Saved\CameraFixQA\backend.yaml': 0 ports, 6 drones max
[2026-09-26 20:27:22.296] [info] Config validation passed (0 ports, 6 max drones)
[2026-09-26 20:27:22.297] [info] [:] Logger initialized. Level=info, File=Logs/backend.log
[2026-09-26 20:27:22.297] [info] [:] ============================================
[2026-09-26 20:27:22.297] [info] [:]   Drone Backend v1.0.0
[2026-09-26 20:27:22.297] [info] [:]   HTTP :20380  WS :20381
[2026-09-26 20:27:22.297] [info] [:] ============================================
[2026-09-26 20:27:22.299] [info] [:] [UdpSender] JSON protocol session_id=backend-1790425642297643-caf7489a
[2026-09-26 20:27:22.299] [info] [:] DroneManager created
[2026-09-26 20:27:22.299] [info] [:] Drone 1 added: slot=1 name=Mock UAV 01
[2026-09-26 20:27:22.299] [info] [:] Drone 2 added: slot=2 name=Mock UAV 02
[2026-09-26 20:27:22.299] [info] [:] Drone 3 added: slot=3 name=Mock UAV 03
[2026-09-26 20:27:22.300] [info] [:] Drone 4 added: slot=4 name=Mock UAV 04
[2026-09-26 20:27:22.300] [info] [:] [Storage] Loaded 4 drones from data/drones.json
[2026-09-26 20:27:22.300] [info] [:] Backend started. Press Ctrl+C to stop.
[2026-09-26 20:27:22.301] [info] [:] [HTTP] Listening on 0.0.0.0:20380
[2026-09-26 20:27:22.301] [info] [:] [WS] Listening on 0.0.0.0:20381
[2026-09-26 20:40:50.696] [warning] [:] [HTTP] connection error: end of stream [beast.http:1 at C:/Users/wy331/Documents/UE5DroneControl-p5-3/Backend/build-p53/vcpkg_installed/x64-windows/include\boost/beast/http/impl/read.hpp:383:13 in function 'unsigned __int64 __cdecl boost::beast::http::detail::read_some<class boost::asio::basic_stream_socket<class boost::asio::ip::tcp,class boost::asio::any_io_executor>,class boost::beast::basic_flat_buffer<class std::allocator<char> >,true>(class boost::asio::basic_stream_socket<class boost::asio::ip::tcp,class boost::asio::any_io_executor> &,class boost::beast::basic_flat_buffer<class std::allocator<char> > &,class boost::beast::http::basic_parser<1> &,class boost::system::error_code &)']
[2026-09-26 20:40:50.735] [info] [:] [WS] session closed: 远程主机强迫关闭了一个现有的连接。 [system:10054]
[2026-09-26 20:40:50.735] [info] [:] [WS] session closed: 远程主机强迫关闭了一个现有的连接。 [system:10054]
[2026-09-26 20:40:52.316] [info] [:] [WS] session closed: 远程主机强迫关闭了一个现有的连接。 [system:10054]
[2026-09-26 20:40:52.316] [info] [:] [WS] session closed: 远程主机强迫关闭了一个现有的连接。 [system:10054]
