[2026-09-22 20:14:23.107] [info] [:] Logger initialized. Level=info, File=Logs/backend.log
[2026-09-22 20:14:23.107] [info] [:] ============================================
[2026-09-22 20:14:23.107] [info] [:]   Drone Backend v1.0.0
[2026-09-22 20:14:23.107] [info] [:]   HTTP :19980  WS :19981
[2026-09-22 20:14:23.107] [info] [:] ============================================
[2026-09-22 20:14:23.108] [info] [:] [UdpSender] JSON protocol session_id=backend-1790079263107384-2882fd7d
[2026-09-22 20:14:23.108] [info] [:] DroneManager created
[2026-09-22 20:14:23.140] [info] [:] Drone 1 added: slot=1 name=Mock UAV 01
[2026-09-22 20:14:23.140] [info] [:] Drone 2 added: slot=2 name=Mock UAV 02
[2026-09-22 20:14:23.140] [info] [:] Drone 3 added: slot=3 name=Mock UAV 03
[2026-09-22 20:14:23.140] [info] [:] Drone 4 added: slot=4 name=Mock UAV 04
[2026-09-22 20:14:23.140] [info] [:] [Storage] Loaded 4 drones from data/drones.json
[2026-09-22 20:14:23.140] [info] [:] Backend started. Press Ctrl+C to stop.
[2026-09-22 20:14:23.142] [info] [:] [WS] Listening on 0.0.0.0:19981
[2026-09-22 20:14:23.142] [info] [:] [HTTP] Listening on 0.0.0.0:19980
[2026-09-22 20:14:25.372] [info] [:] [WS] session closed: The WebSocket stream was gracefully closed at both endpoints [boost.beast.websocket:1 at C:/Users/wy331/Documents/UE5DroneControl-p5-3/Backend/build-p53/vcpkg_installed/x64-windows/include\boost/beast/websocket/impl/stream.hpp:377:9 in function 'void __cdecl boost::beast::websocket::stream<class boost::asio::basic_stream_socket<class boost::asio::ip::tcp,class boost::asio::any_io_executor>,1>::do_fail(unsigned short,class boost::system::error_code,class boost::system::error_code &)']
[2026-09-22 20:14:25.372] [info] [:] [WS] session closed: The WebSocket stream was gracefully closed at both endpoints [boost.beast.websocket:1 at C:/Users/wy331/Documents/UE5DroneControl-p5-3/Backend/build-p53/vcpkg_installed/x64-windows/include\boost/beast/websocket/impl/stream.hpp:377:9 in function 'void __cdecl boost::beast::websocket::stream<class boost::asio::basic_stream_socket<class boost::asio::ip::tcp,class boost::asio::any_io_executor>,1>::do_fail(unsigned short,class boost::system::error_code,class boost::system::error_code &)']
[2026-09-22 20:32:31.388] [info] [:] [WS] session closed: The WebSocket stream was gracefully closed at both endpoints [boost.beast.websocket:1 at C:/Users/wy331/Documents/UE5DroneControl-p5-3/Backend/build-p53/vcpkg_installed/x64-windows/include\boost/beast/websocket/impl/stream.hpp:377:9 in function 'void __cdecl boost::beast::websocket::stream<class boost::asio::basic_stream_socket<class boost::asio::ip::tcp,class boost::asio::any_io_executor>,1>::do_fail(unsigned short,class boost::system::error_code,class boost::system::error_code &)']
[2026-09-22 20:32:31.388] [info] [:] [WS] session closed: 远程主机强迫关闭了一个现有的连接。 [system:10054]
[2026-09-22 20:36:30.214] [info] [:] [WS] session closed: The WebSocket stream was gracefully closed at both endpoints [boost.beast.websocket:1 at C:/Users/wy331/Documents/UE5DroneControl-p5-3/Backend/build-p53/vcpkg_installed/x64-windows/include\boost/beast/websocket/impl/stream.hpp:377:9 in function 'void __cdecl boost::beast::websocket::stream<class boost::asio::basic_stream_socket<class boost::asio::ip::tcp,class boost::asio::any_io_executor>,1>::do_fail(unsigned short,class boost::system::error_code,class boost::system::error_code &)']
[2026-09-22 20:36:30.214] [info] [:] [WS] session closed: 远程主机强迫关闭了一个现有的连接。 [system:10054]
[2026-09-22 20:44:23.736] [info] [:] [WS] session closed: The WebSocket stream was gracefully closed at both endpoints [boost.beast.websocket:1 at C:/Users/wy331/Documents/UE5DroneControl-p5-3/Backend/build-p53/vcpkg_installed/x64-windows/include\boost/beast/websocket/impl/stream.hpp:377:9 in function 'void __cdecl boost::beast::websocket::stream<class boost::asio::basic_stream_socket<class boost::asio::ip::tcp,class boost::asio::any_io_executor>,1>::do_fail(unsigned short,class boost::system::error_code,class boost::